Component: ARM Compiler 5.06 update 6 (build 750) Tool: armlink [4d35ed]

==============================================================================

Section Cross References

    startup_stm32f103xb.o(STACK) refers (Special) to heapauxi.o(.text) for __use_two_region_memory
    startup_stm32f103xb.o(HEAP) refers (Special) to heapauxi.o(.text) for __use_two_region_memory
    startup_stm32f103xb.o(RESET) refers (Special) to heapauxi.o(.text) for __use_two_region_memory
    startup_stm32f103xb.o(RESET) refers to startup_stm32f103xb.o(STACK) for __initial_sp
    startup_stm32f103xb.o(RESET) refers to startup_stm32f103xb.o(.text) for Reset_Handler
    startup_stm32f103xb.o(RESET) refers to stm32f1xx_it.o(i.NMI_Handler) for NMI_Handler
    startup_stm32f103xb.o(RESET) refers to stm32f1xx_it.o(i.HardFault_Handler) for HardFault_Handler
    startup_stm32f103xb.o(RESET) refers to stm32f1xx_it.o(i.MemManage_Handler) for MemManage_Handler
    startup_stm32f103xb.o(RESET) refers to stm32f1xx_it.o(i.BusFault_Handler) for BusFault_Handler
    startup_stm32f103xb.o(RESET) refers to stm32f1xx_it.o(i.UsageFault_Handler) for UsageFault_Handler
    startup_stm32f103xb.o(RESET) refers to stm32f1xx_it.o(i.SVC_Handler) for SVC_Handler
    startup_stm32f103xb.o(RESET) refers to stm32f1xx_it.o(i.DebugMon_Handler) for DebugMon_Handler
    startup_stm32f103xb.o(RESET) refers to stm32f1xx_it.o(i.PendSV_Handler) for PendSV_Handler
    startup_stm32f103xb.o(RESET) refers to stm32f1xx_it.o(i.SysTick_Handler) for SysTick_Handler
    startup_stm32f103xb.o(RESET) refers to stm32f1xx_it.o(i.TIM1_UP_IRQHandler) for TIM1_UP_IRQHandler
    startup_stm32f103xb.o(RESET) refers to stm32f1xx_it.o(i.TIM2_IRQHandler) for TIM2_IRQHandler
    startup_stm32f103xb.o(RESET) refers to stm32f1xx_it.o(i.USART1_IRQHandler) for USART1_IRQHandler
    startup_stm32f103xb.o(.text) refers (Special) to heapauxi.o(.text) for __use_two_region_memory
    startup_stm32f103xb.o(.text) refers to system_stm32f1xx.o(i.SystemInit) for SystemInit
    startup_stm32f103xb.o(.text) refers to __main.o(!!!main) for __main
    startup_stm32f103xb.o(.text) refers to startup_stm32f103xb.o(HEAP) for Heap_Mem
    startup_stm32f103xb.o(.text) refers to startup_stm32f103xb.o(STACK) for Stack_Mem
    st7920.o(i.DrawCircle) refers to st7920.o(i.SetPixel) for SetPixel
    st7920.o(i.DrawFilledCircle) refers to st7920.o(i.SetPixel) for SetPixel
    st7920.o(i.DrawFilledCircle) refers to st7920.o(i.DrawLine) for DrawLine
    st7920.o(i.DrawFilledRectangle) refers to st7920.o(i.DrawLine) for DrawLine
    st7920.o(i.DrawFilledRectangle) refers to st7920.o(.data) for .data
    st7920.o(i.DrawFilledTriangle) refers to st7920.o(i.DrawLine) for DrawLine
    st7920.o(i.DrawLine) refers to st7920.o(i.SetPixel) for SetPixel
    st7920.o(i.DrawRectangle) refers to st7920.o(i.DrawLine) for DrawLine
    st7920.o(i.DrawRectangle) refers to st7920.o(.data) for .data
    st7920.o(i.DrawTriangle) refers to st7920.o(i.DrawLine) for DrawLine
    st7920.o(i.ST7920_Clear) refers to st7920.o(i.ST7920_SendCmd) for ST7920_SendCmd
    st7920.o(i.ST7920_Clear) refers to stm32f1xx_hal.o(i.HAL_Delay) for HAL_Delay
    st7920.o(i.ST7920_Clear) refers to st7920.o(i.ST7920_SendData) for ST7920_SendData
    st7920.o(i.ST7920_Clear) refers to st7920.o(.data) for .data
    st7920.o(i.ST7920_DrawBitmap) refers to st7920.o(i.ST7920_SendCmd) for ST7920_SendCmd
    st7920.o(i.ST7920_DrawBitmap) refers to st7920.o(i.ST7920_SendData) for ST7920_SendData
    st7920.o(i.ST7920_GraphicMode) refers to st7920.o(i.ST7920_SendCmd) for ST7920_SendCmd
    st7920.o(i.ST7920_GraphicMode) refers to stm32f1xx_hal.o(i.HAL_Delay) for HAL_Delay
    st7920.o(i.ST7920_GraphicMode) refers to st7920.o(.data) for .data
    st7920.o(i.ST7920_Init) refers to stm32f1xx_hal_gpio.o(i.HAL_GPIO_WritePin) for HAL_GPIO_WritePin
    st7920.o(i.ST7920_Init) refers to stm32f1xx_hal.o(i.HAL_Delay) for HAL_Delay
    st7920.o(i.ST7920_Init) refers to st7920.o(i.ST7920_SendCmd) for ST7920_SendCmd
    st7920.o(i.ST7920_Init) refers to st7920.o(i.delay_us) for delay_us
    st7920.o(i.ST7920_SendCmd) refers to stm32f1xx_hal_gpio.o(i.HAL_GPIO_WritePin) for HAL_GPIO_WritePin
    st7920.o(i.ST7920_SendCmd) refers to st7920.o(i.SendByteSPI) for SendByteSPI
    st7920.o(i.ST7920_SendCmd) refers to st7920.o(i.delay_us) for delay_us
    st7920.o(i.ST7920_SendData) refers to stm32f1xx_hal_gpio.o(i.HAL_GPIO_WritePin) for HAL_GPIO_WritePin
    st7920.o(i.ST7920_SendData) refers to st7920.o(i.SendByteSPI) for SendByteSPI
    st7920.o(i.ST7920_SendData) refers to st7920.o(i.delay_us) for delay_us
    st7920.o(i.ST7920_SendString) refers to st7920.o(i.ST7920_SendCmd) for ST7920_SendCmd
    st7920.o(i.ST7920_SendString) refers to st7920.o(i.ST7920_SendData) for ST7920_SendData
    st7920.o(i.ST7920_Update) refers to st7920.o(i.ST7920_DrawBitmap) for ST7920_DrawBitmap
    st7920.o(i.ST7920_Update) refers to st7920.o(.bss) for .bss
[...]
    Removing stm32f1xx_hal_pwr.o(i.HAL_PWR_EnableBkUpAccess), (12 bytes).
    Removing stm32f1xx_hal_pwr.o(i.HAL_PWR_EnablePVD), (12 bytes).
    Removing stm32f1xx_hal_pwr.o(i.HAL_PWR_EnableSEVOnPend), (16 bytes).
    Removing stm32f1xx_hal_pwr.o(i.HAL_PWR_EnableSleepOnExit), (16 bytes).
    Removing stm32f1xx_hal_pwr.o(i.HAL_PWR_EnableWakeUpPin), (28 bytes).
    Removing stm32f1xx_hal_pwr.o(i.HAL_PWR_EnterSLEEPMode), (32 bytes).
    Removing stm32f1xx_hal_pwr.o(i.HAL_PWR_EnterSTANDBYMode), (32 bytes).
    Removing stm32f1xx_hal_pwr.o(i.HAL_PWR_EnterSTOPMode), (68 bytes).
    Removing stm32f1xx_hal_pwr.o(i.HAL_PWR_PVDCallback), (2 bytes).
    Removing stm32f1xx_hal_pwr.o(i.HAL_PWR_PVD_IRQHandler), (28 bytes).
    Removing stm32f1xx_hal_pwr.o(i.PWR_OverloadWfe), (6 bytes).
    Removing stm32f1xx_hal_flash.o(.rev16_text), (4 bytes).
    Removing stm32f1xx_hal_flash.o(.revsh_text), (4 bytes).
    Removing stm32f1xx_hal_flash.o(.rrx_text), (6 bytes).
    Removing stm32f1xx_hal_flash.o(i.FLASH_Program_HalfWord), (28 bytes).
    Removing stm32f1xx_hal_flash.o(i.FLASH_SetErrorCode), (92 bytes).
    Removing stm32f1xx_hal_flash.o(i.FLASH_WaitForLastOperation), (84 bytes).
    Removing stm32f1xx_hal_flash.o(i.HAL_FLASH_EndOfOperationCallback), (2 bytes).
    Removing stm32f1xx_hal_flash.o(i.HAL_FLASH_GetError), (12 bytes).
    Removing stm32f1xx_hal_flash.o(i.HAL_FLASH_IRQHandler), (264 bytes).
    Removing stm32f1xx_hal_flash.o(i.HAL_FLASH_Lock), (20 bytes).
    Removing stm32f1xx_hal_flash.o(i.HAL_FLASH_OB_Launch), (4 bytes).
    Removing stm32f1xx_hal_flash.o(i.HAL_FLASH_OB_Lock), (20 bytes).
    Removing stm32f1xx_hal_flash.o(i.HAL_FLASH_OB_Unlock), (36 bytes).
    Removing stm32f1xx_hal_flash.o(i.HAL_FLASH_OperationErrorCallback), (2 bytes).
    Removing stm32f1xx_hal_flash.o(i.HAL_FLASH_Program), (128 bytes).
    Removing stm32f1xx_hal_flash.o(i.HAL_FLASH_Program_IT), (100 bytes).
    Removing stm32f1xx_hal_flash.o(i.HAL_FLASH_Unlock), (40 bytes).
    Removing stm32f1xx_hal_flash.o(.bss), (32 bytes).
    Removing stm32f1xx_hal_flash_ex.o(.rev16_text), (4 bytes).
    Removing stm32f1xx_hal_flash_ex.o(.revsh_text), (4 bytes).
    Removing stm32f1xx_hal_flash_ex.o(.rrx_text), (6 bytes).
    Removing stm32f1xx_hal_flash_ex.o(i.FLASH_MassErase), (36 bytes).
    Removing stm32f1xx_hal_flash_ex.o(i.FLASH_OB_DisableWRP), (176 bytes).
    Removing stm32f1xx_hal_flash_ex.o(i.FLASH_OB_EnableWRP), (176 bytes).
    Removing stm32f1xx_hal_flash_ex.o(i.FLASH_OB_GetRDP), (24 bytes).
    Removing stm32f1xx_hal_flash_ex.o(i.FLASH_OB_RDP_LevelConfig), (100 bytes).
    Removing stm32f1xx_hal_flash_ex.o(i.FLASH_PageErase), (36 bytes).
    Removing stm32f1xx_hal_flash_ex.o(i.HAL_FLASHEx_Erase), (168 bytes).
    Removing stm32f1xx_hal_flash_ex.o(i.HAL_FLASHEx_Erase_IT), (84 bytes).
    Removing stm32f1xx_hal_flash_ex.o(i.HAL_FLASHEx_OBErase), (84 bytes).
    Removing stm32f1xx_hal_flash_ex.o(i.HAL_FLASHEx_OBGetConfig), (36 bytes).
    Removing stm32f1xx_hal_flash_ex.o(i.HAL_FLASHEx_OBGetUserData), (32 bytes).
    Removing stm32f1xx_hal_flash_ex.o(i.HAL_FLASHEx_OBProgram), (200 bytes).
    Removing stm32f1xx_hal_exti.o(.rev16_text), (4 bytes).
    Removing stm32f1xx_hal_exti.o(.revsh_text), (4 bytes).
    Removing stm32f1xx_hal_exti.o(.rrx_text), (6 bytes).
    Removing stm32f1xx_hal_exti.o(i.HAL_EXTI_ClearConfigLine), (104 bytes).
    Removing stm32f1xx_hal_exti.o(i.HAL_EXTI_ClearPending), (20 bytes).
    Removing stm32f1xx_hal_exti.o(i.HAL_EXTI_GenerateSWI), (20 bytes).
    Removing stm32f1xx_hal_exti.o(i.HAL_EXTI_GetConfigLine), (140 bytes).
    Removing stm32f1xx_hal_exti.o(i.HAL_EXTI_GetHandle), (12 bytes).
    Removing stm32f1xx_hal_exti.o(i.HAL_EXTI_GetPending), (24 bytes).
    Removing stm32f1xx_hal_exti.o(i.HAL_EXTI_IRQHandler), (36 bytes).
    Removing stm32f1xx_hal_exti.o(i.HAL_EXTI_RegisterCallback), (14 bytes).
    Removing stm32f1xx_hal_exti.o(i.HAL_EXTI_SetConfigLine), (164 bytes).
    Removing stm32f1xx_hal_uart.o(.rev16_text), (4 bytes).
    Removing stm32f1xx_hal_uart.o(.revsh_text), (4 bytes).
    Removing stm32f1xx_hal_uart.o(.rrx_text), (6 bytes).
    Removing stm32f1xx_hal_uart.o(i.HAL_HalfDuplex_EnableReceiver), (50 bytes).
    Removing stm32f1xx_hal_uart.o(i.HAL_HalfDuplex_EnableTransmitter), (50 bytes).
    Removing stm32f1xx_hal_uart.o(i.HAL_HalfDuplex_Init), (110 bytes).
    Removing stm32f1xx_hal_uart.o(i.HAL_LIN_Init), (130 bytes).
    Removing stm32f1xx_hal_uart.o(i.HAL_LIN_SendBreak), (60 bytes).
    Removing stm32f1xx_hal_uart.o(i.HAL_MultiProcessor_EnterMuteMode), (62 bytes).
    Removing stm32f1xx_hal_uart.o(i.HAL_MultiProcessor_ExitMuteMode), (62 bytes).
    Removing stm32f1xx_hal_uart.o(i.HAL_MultiProcessor_Init), (144 bytes).
    Removing stm32f1xx_hal_uart.o(i.HAL_UARTEx_GetRxEventType), (4 bytes).
    Removing stm32f1xx_hal_uart.o(i.HAL_UARTEx_ReceiveToIdle), (240 bytes).
    Removing stm32f1xx_hal_uart.o(i.HAL_UARTEx_ReceiveToIdle_DMA), (78 bytes).
    Removing stm32f1xx_hal_uart.o(i.HAL_UARTEx_ReceiveToIdle_IT), (78 bytes).
    Removing stm32f1xx_hal_uart.o(i.HAL_UART_Abort), (210 bytes).
    Removing stm32f1xx_hal_uart.o(i.HAL_UART_AbortCpltCallback), (2 bytes).
    Removing stm32f1xx_hal_uart.o(i.HAL_UART_AbortReceive), (148 bytes).
    Removing stm32f1xx_hal_uart.o(i.HAL_UART_AbortReceiveCpltCallback), (2 bytes).
    Removing stm32f1xx_hal_uart.o(i.HAL_UART_AbortReceive_IT), (152 bytes).
    Removing stm32f1xx_hal_uart.o(i.HAL_UART_AbortTransmit), (98 bytes).
    Removing stm32f1xx_hal_uart.o(i.HAL_UART_AbortTransmitCpltCallback), (2 bytes).
    Removing stm32f1xx_hal_uart.o(i.HAL_UART_AbortTransmit_IT), (104 bytes).
    Removing stm32f1xx_hal_uart.o(i.HAL_UART_Abort_IT), (244 bytes).
    Removing stm32f1xx_hal_uart.o(i.HAL_UART_DMAPause), (120 bytes).
    Removing stm32f1xx_hal_uart.o(i.HAL_UART_DMAResume), (114 bytes).
    Removing stm32f1xx_hal_uart.o(i.HAL_UART_DMAStop), (112 bytes).
    Removing stm32f1xx_hal_uart.o(i.HAL_UART_DeInit), (54 bytes).
    Removing stm32f1xx_hal_uart.o(i.HAL_UART_GetError), (4 bytes).
    Removing stm32f1xx_hal_uart.o(i.HAL_UART_GetState), (10 bytes).
    Removing stm32f1xx_hal_uart.o(i.HAL_UART_MspDeInit), (2 bytes).
    Removing stm32f1xx_hal_uart.o(i.HAL_UART_MspInit), (2 bytes).
    Removing stm32f1xx_hal_uart.o(i.HAL_UART_Receive), (172 bytes).
    Removing stm32f1xx_hal_uart.o(i.HAL_UART_Receive_DMA), (28 bytes).
    Removing stm32f1xx_hal_uart.o(i.HAL_UART_RxCpltCallback), (2 bytes).
    Removing stm32f1xx_hal_uart.o(i.HAL_UART_RxHalfCpltCallback), (2 bytes).
    Removing stm32f1xx_hal_uart.o(i.HAL_UART_Transmit), (154 bytes).
    Removing stm32f1xx_hal_uart.o(i.HAL_UART_Transmit_DMA), (120 bytes).
    Removing stm32f1xx_hal_uart.o(i.HAL_UART_Transmit_IT), (50 bytes).
    Removing stm32f1xx_hal_uart.o(i.HAL_UART_TxHalfCpltCallback), (2 bytes).
    Removing stm32f1xx_hal_uart.o(i.UART_DMAError), (74 bytes).
    Removing stm32f1xx_hal_uart.o(i.UART_DMAReceiveCplt), (134 bytes).
    Removing stm32f1xx_hal_uart.o(i.UART_DMARxAbortCallback), (44 bytes).
    Removing stm32f1xx_hal_uart.o(i.UART_DMARxHalfCplt), (30 bytes).
    Removing stm32f1xx_hal_uart.o(i.UART_DMARxOnlyAbortCallback), (22 bytes).
    Removing stm32f1xx_hal_uart.o(i.UART_DMATransmitCplt), (66 bytes).
    Removing stm32f1xx_hal_uart.o(i.UART_DMATxAbortCallback), (44 bytes).
    Removing stm32f1xx_hal_uart.o(i.UART_DMATxHalfCplt), (10 bytes).
    Removing stm32f1xx_hal_uart.o(i.UART_DMATxOnlyAbortCallback), (20 bytes).
    Removing stm32f1xx_hal_uart.o(i.UART_EndTxTransfer), (28 bytes).
    Removing stm32f1xx_hal_uart.o(i.UART_Start_Receive_DMA), (144 bytes).
    Removing stm32f1xx_hal_uart.o(i.UART_WaitOnFlagUntilTimeout), (120 bytes).
    Removing system_stm32f1xx.o(.rev16_text), (4 bytes).
    Removing system_stm32f1xx.o(.revsh_text), (4 bytes).
    Removing system_stm32f1xx.o(.rrx_text), (6 bytes).
    Removing system_stm32f1xx.o(i.SystemCoreClockUpdate), (104 bytes).

398 unused section(s) (total 27479 bytes) removed from the image.

==============================================================================

Image Symbol Table

    Local Symbols

    Symbol Name                              Value     Ov Type        Size  Object(Section)

    ../Core/Src/main.c                       0x00000000   Number         0  main.o ABSOLUTE
    ../Core/Src/stm32f1xx_hal_msp.c          0x00000000   Number         0  stm32f1xx_hal_msp.o ABSOLUTE
    ../Core/Src/stm32f1xx_it.c               0x00000000   Number         0  stm32f1xx_it.o ABSOLUTE
    ../Core/Src/system_stm32f1xx.c           0x00000000   Number         0  system_stm32f1xx.o ABSOLUTE
    ../Drivers/STM32F1xx_HAL_Driver/Src/stm32f1xx_hal.c 0x00000000   Number         0  stm32f1xx_hal.o ABSOLUTE
    ../Drivers/STM32F1xx_HAL_Driver/Src/stm32f1xx_hal_cortex.c 0x00000000   Number         0  stm32f1xx_hal_cortex.o ABSOLUTE
    ../Drivers/STM32F1xx_HAL_Driver/Src/stm32f1xx_hal_dma.c 0x00000000   Number         0  stm32f1xx_hal_dma.o ABSOLUTE
    ../Drivers/STM32F1xx_HAL_Driver/Src/stm32f1xx_hal_exti.c 0x00000000   Number         0  stm32f1xx_hal_exti.o ABSOLUTE
    ../Drivers/STM32F1xx_HAL_Driver/Src/stm32f1xx_hal_flash.c 0x00000000   Number         0  stm32f1xx_hal_flash.o ABSOLUTE
    ../Drivers/STM32F1xx_HAL_Driver/Src/stm32f1xx_hal_flash_ex.c 0x00000000   Number         0  stm32f1xx_hal_flash_ex.o ABSOLUTE
    ../Drivers/STM32F1xx_HAL_Driver/Src/stm32f1xx_hal_gpio.c 0x00000000   Number         0  stm32f1xx_hal_gpio.o ABSOLUTE
    ../Drivers/STM32F1xx_HAL_Driver/Src/stm32f1xx_hal_gpio_ex.c 0x00000000   Number         0  stm32f1xx_hal_gpio_ex.o ABSOLUTE
    ../Drivers/STM32F1xx_HAL_Driver/Src/stm32f1xx_hal_pwr.c 0x00000000   Number         0  stm32f1xx_hal_pwr.o ABSOLUTE
    ../Drivers/STM32F1xx_HAL_Driver/Src/stm32f1xx_hal_rcc.c 0x00000000   Number         0  stm32f1xx_hal_rcc.o ABSOLUTE
    ../Drivers/STM32F1xx_HAL_Driver/Src/stm32f1xx_hal_rcc_ex.c 0x00000000   Number         0  stm32f1xx_hal_rcc_ex.o ABSOLUTE
    ../Drivers/STM32F1xx_HAL_Driver/Src/stm32f1xx_hal_tim.c 0x00000000   Number         0  stm32f1xx_hal_tim.o ABSOLUTE
    ../Drivers/STM32F1xx_HAL_Driver/Src/stm32f1xx_hal_tim_ex.c 0x00000000   Number         0  stm32f1xx_hal_tim_ex.o ABSOLUTE
    ../Drivers/STM32F1xx_HAL_Driver/Src/stm32f1xx_hal_uart.c 0x00000000   Number         0  stm32f1xx_hal_uart.o ABSOLUTE
    ../clib/angel/boardlib.s                 0x00000000   Number         0  boardinit1.o ABSOLUTE
    ../clib/angel/boardlib.s                 0x00000000   Number         0  boardinit2.o ABSOLUTE
    ../clib/angel/boardlib.s                 0x00000000   Number         0  boardinit3.o ABSOLUTE
    ../clib/angel/boardlib.s                 0x00000000   Number         0  boardshut.o ABSOLUTE
    ../clib/angel/handlers.s                 0x00000000   Number         0  __scatter_zi.o ABSOLUTE
    ../clib/angel/handlers.s                 0x00000000   Number         0  __scatter_copy.o ABSOLUTE
    ../clib/angel/kernel.s                   0x00000000   Number         0  __rtentry.o ABSOLUTE
    ../clib/angel/kernel.s                   0x00000000   Number         0  __rtentry2.o ABSOLUTE
    ../clib/angel/kernel.s                   0x00000000   Number         0  __rtentry4.o ABSOLUTE
    ../clib/angel/kernel.s                   0x00000000   Number         0  rtexit.o ABSOLUTE
    ../clib/angel/kernel.s                   0x00000000   Number         0  rtexit2.o ABSOLUTE
    ../clib/angel/rt.s                       0x00000000   Number         0  rt_raise.o ABSOLUTE
    ../clib/angel/scatter.s                  0x00000000   Number         0  __scatter.o ABSOLUTE
    ../clib/angel/startup.s                  0x00000000   Number         0  __main.o ABSOLUTE
    ../clib/angel/sys.s                      0x00000000   Number         0  use_no_semi.o ABSOLUTE
    ../clib/angel/sys.s                      0x00000000   Number         0  indicate_semi.o ABSOLUTE
    ../clib/angel/sys.s                      0x00000000   Number         0  sys_stackheap_outer.o ABSOLUTE
    ../clib/angel/sys.s                      0x00000000   Number         0  libspace.o ABSOLUTE
    ../clib/angel/sysapp.c                   0x00000000   Number         0  sys_exit.o ABSOLUTE
    ../clib/angel/sysapp.c                   0x00000000   Number         0  sys_command.o ABSOLUTE
    ../clib/angel/sysapp.c                   0x00000000   Number         0  sys_wrch.o ABSOLUTE
    ../clib/armsys.c                         0x00000000   Number         0  argv_veneer.o ABSOLUTE
    ../clib/armsys.c                         0x00000000   Number         0  argv_veneer.o ABSOLUTE
    ../clib/armsys.c                         0x00000000   Number         0  _get_argv_nomalloc.o ABSOLUTE
    ../clib/armsys.c                         0x00000000   Number         0  no_argv.o ABSOLUTE
    ../clib/heapalloc.c                      0x00000000   Number         0  hrguard.o ABSOLUTE
    ../clib/heapaux.c                        0x00000000   Number         0  heapauxi.o ABSOLUTE
    ../clib/libinit.s                        0x00000000   Number         0  libinit.o ABSOLUTE
    ../clib/libinit.s                        0x00000000   Number         0  libshutdown2.o ABSOLUTE
    ../clib/libinit.s                        0x00000000   Number         0  libshutdown.o ABSOLUTE
    ../clib/libinit.s                        0x00000000   Number         0  libinit2.o ABSOLUTE
    ../clib/longlong.s                       0x00000000   Number         0  llushr.o ABSOLUTE
    ../clib/memcpset.s                       0x00000000   Number         0  aeabi_memset.o ABSOLUTE
    ../clib/memcpset.s                       0x00000000   Number         0  rt_memclr_w.o ABSOLUTE
    ../clib/memcpset.s                       0x00000000   Number         0  rt_memclr.o ABSOLUTE
    ../clib/printf.c                         0x00000000   Number         0  __printf_ss.o ABSOLUTE
    ../clib/printf.c                         0x00000000   Number         0  __printf_nopercent.o ABSOLUTE
    ../clib/printf.c                         0x00000000   Number         0  _sputc.o ABSOLUTE
    ../clib/printf.c                         0x00000000   Number         0  _printf_char_common.o ABSOLUTE
    ../clib/printf.c                         0x00000000   Number         0  _printf_intcommon.o ABSOLUTE
    ../clib/printf.c                         0x00000000   Number         0  __printf_flags_ss_wp.o ABSOLUTE
    ../clib/printf.c                         0x00000000   Number         0  __2sprintf.o ABSOLUTE
    ../clib/printf.c                         0x00000000   Number         0  __printf_flags.o ABSOLUTE
    ../clib/printf.c                         0x00000000   Number         0  __printf_ss_wp.o ABSOLUTE
    ../clib/printf.c                         0x00000000   Number         0  __printf_wp.o ABSOLUTE
    ../clib/printf.c                         0x00000000   Number         0  __printf_flags_ss.o ABSOLUTE
    ../clib/printf.c                         0x00000000   Number         0  _printf_dec.o ABSOLUTE
    ../clib/printf.c                         0x00000000   Number         0  noretval__2sprintf.o ABSOLUTE
    ../clib/printf.c                         0x00000000   Number         0  __printf.o ABSOLUTE
    ../clib/printf.c                         0x00000000   Number         0  __printf_flags_wp.o ABSOLUTE
    ../clib/printf_percent.s                 0x00000000   Number         0  _printf_percent.o ABSOLUTE
    ../clib/printf_percent.s                 0x00000000   Number         0  _printf_d.o ABSOLUTE
    ../clib/printf_percent.s                 0x00000000   Number         0  _printf_percent_end.o ABSOLUTE
    ../clib/signal.c                         0x00000000   Number         0  defsig_cppl_inner.o ABSOLUTE
    ../clib/signal.c                         0x00000000   Number         0  defsig_segv_inner.o ABSOLUTE
    ../clib/signal.c                         0x00000000   Number         0  defsig_abrt_inner.o ABSOLUTE
    ../clib/signal.c                         0x00000000   Number         0  defsig_rtmem_outer.o ABSOLUTE
    ../clib/signal.c                         0x00000000   Number         0  defsig_general.o ABSOLUTE
    ../clib/signal.c                         0x00000000   Number         0  defsig_rtmem_inner.o ABSOLUTE
    ../clib/signal.c                         0x00000000   Number         0  defsig_exit.o ABSOLUTE
    ../clib/signal.c                         0x00000000   Number         0  defsig_rtmem_formal.o ABSOLUTE
    ../clib/signal.c                         0x00000000   Number         0  __raise.o ABSOLUTE
    ../clib/signal.c                         0x00000000   Number         0  defsig_fpe_inner.o ABSOLUTE
    ../clib/signal.c                         0x00000000   Number         0  defsig_rtred_inner.o ABSOLUTE
    ../clib/signal.c                         0x00000000   Number         0  defsig_stak_inner.o ABSOLUTE
    ../clib/signal.c                         0x00000000   Number         0  defsig_other.o ABSOLUTE
    ../clib/signal.c                         0x00000000   Number         0  defsig_pvfn_inner.o ABSOLUTE
    ../clib/signal.s                         0x00000000   Number         0  defsig.o ABSOLUTE
    ../clib/stdlib.c                         0x00000000   Number         0  exit.o ABSOLUTE
    ../fplib/fpinit.s                        0x00000000   Number         0  fpinit.o ABSOLUTE
    ..\Core\Src\main.c                       0x00000000   Number         0  main.o ABSOLUTE
    ..\Core\Src\rs485.c                      0x00000000   Number         0  rs485.o ABSOLUTE
    ..\Core\Src\st7920.c                     0x00000000   Number         0  st7920.o ABSOLUTE
    ..\Core\Src\stm32f1xx_hal_msp.c          0x00000000   Number         0  stm32f1xx_hal_msp.o ABSOLUTE
    ..\Core\Src\stm32f1xx_it.c               0x00000000   Number         0  stm32f1xx_it.o ABSOLUTE
    ..\Core\Src\system_stm32f1xx.c           0x00000000   Number         0  system_stm32f1xx.o ABSOLUTE
    ..\Core\Src\user.c                       0x00000000   Number         0  user.o ABSOLUTE
    ..\Drivers\STM32F1xx_HAL_Driver\Src\stm32f1xx_hal.c 0x00000000   Number         0  stm32f1xx_hal.o ABSOLUTE
    ..\Drivers\STM32F1xx_HAL_Driver\Src\stm32f1xx_hal_cortex.c 0x00000000   Number         0  stm32f1xx_hal_cortex.o ABSOLUTE
    ..\Drivers\STM32F1xx_HAL_Driver\Src\stm32f1xx_hal_dma.c 0x00000000   Number         0  stm32f1xx_hal_dma.o ABSOLUTE
    ..\Drivers\STM32F1xx_HAL_Driver\Src\stm32f1xx_hal_exti.c 0x00000000   Number         0  stm32f1xx_hal_exti.o ABSOLUTE
    ..\Drivers\STM32F1xx_HAL_Driver\Src\stm32f1xx_hal_flash.c 0x00000000   Number         0  stm32f1xx_hal_flash.o ABSOLUTE
    ..\Drivers\STM32F1xx_HAL_Driver\Src\stm32f1xx_hal_flash_ex.c 0x00000000   Number         0  stm32f1xx_hal_flash_ex.o ABSOLUTE
    ..\Drivers\STM32F1xx_HAL_Driver\Src\stm32f1xx_hal_gpio.c 0x00000000   Number         0  stm32f1xx_hal_gpio.o ABSOLUTE
    ..\Drivers\STM32F1xx_HAL_Driver\Src\stm32f1xx_hal_gpio_ex.c 0x00000000   Number         0  stm32f1xx_hal_gpio_ex.o ABSOLUTE
    ..\Drivers\STM32F1xx_HAL_Driver\Src\stm32f1xx_hal_pwr.c 0x00000000   Number         0  stm32f1xx_hal_pwr.o ABSOLUTE
    ..\Drivers\STM32F1xx_HAL_Driver\Src\stm32f1xx_hal_rcc.c 0x00000000   Number         0  stm32f1xx_hal_rcc.o ABSOLUTE
    ..\Drivers\STM32F1xx_HAL_Driver\Src\stm32f1xx_hal_rcc_ex.c 0x00000000   Number         0  stm32f1xx_hal_rcc_ex.o ABSOLUTE
    ..\Drivers\STM32F1xx_HAL_Driver\Src\stm32f1xx_hal_tim.c 0x00000000   Number         0  stm32f1xx_hal_tim.o ABSOLUTE
    ..\Drivers\STM32F1xx_HAL_Driver\Src\stm32f1xx_hal_tim_ex.c 0x00000000   Number         0  stm32f1xx_hal_tim_ex.o ABSOLUTE
    ..\Drivers\STM32F1xx_HAL_Driver\Src\stm32f1xx_hal_uart.c 0x00000000   Number         0  stm32f1xx_hal_uart.o ABSOLUTE
    ..\\Core\\Src\\rs485.c                   0x00000000   Number         0  rs485.o ABSOLUTE
    ..\\Core\\Src\\st7920.c                  0x00000000   Number         0  st7920.o ABSOLUTE
    ..\\Core\\Src\\user.c                    0x00000000   Number         0  user.o ABSOLUTE
    dc.s                                     0x00000000   Number         0  dc.o ABSOLUTE
    startup_stm32f103xb.s                    0x00000000   Number         0  startup_stm32f103xb.o ABSOLUTE
    RESET                                    0x08000000   Section      236  startup_stm32f103xb.o(RESET)
    !!!main                                  0x080000ec   Section        8  __main.o(!!!main)
    !!!scatter                               0x080000f4   Section       52  __scatter.o(!!!scatter)
    !!handler_copy                           0x08000128   Section       26  __scatter_copy.o(!!handler_copy)
    !!handler_zi                             0x08000144   Section       28  __scatter_zi.o(!!handler_zi)
    .ARM.Collect$$_printf_percent$$00000000  0x08000160   Section        0  _printf_percent.o(.ARM.Collect$$_printf_percent$$00000000)
    .ARM.Collect$$_printf_percent$$00000009  0x08000160   Section        6  _printf_d.o(.ARM.Collect$$_printf_percent$$00000009)
    .ARM.Collect$$_printf_percent$$00000017  0x08000166   Section        4  _printf_percent_end.o(.ARM.Collect$$_printf_percent$$00000017)
    .ARM.Collect$$libinit$$00000000          0x0800016a   Section        2  libinit.o(.ARM.Collect$$libinit$$00000000)
    .ARM.Collect$$libinit$$00000002          0x0800016c   Section        0  libinit2.o(.ARM.Collect$$libinit$$00000002)
    .ARM.Collect$$libinit$$00000004          0x0800016c   Section        0  libinit2.o(.ARM.Collect$$libinit$$00000004)
    .ARM.Collect$$libinit$$0000000A          0x0800016c   Section        0  libinit2.o(.ARM.Collect$$libinit$$0000000A)
    .ARM.Collect$$libinit$$0000000C          0x0800016c   Section        0  libinit2.o(.ARM.Collect$$libinit$$0000000C)
    .ARM.Collect$$libinit$$0000000E          0x0800016c   Section        0  libinit2.o(.ARM.Collect$$libinit$$0000000E)
    .ARM.Collect$$libinit$$00000011          0x0800016c   Section        0  libinit2.o(.ARM.Collect$$libinit$$00000011)
    .ARM.Collect$$libinit$$00000013          0x0800016c   Section        0  libinit2.o(.ARM.Collect$$libinit$$00000013)
    .ARM.Collect$$libinit$$00000015          0x0800016c   Section        0  libinit2.o(.ARM.Collect$$libinit$$00000015)
    .ARM.Collect$$libinit$$00000017          0x0800016c   Section        0  libinit2.o(.ARM.Collect$$libinit$$00000017)
    .ARM.Collect$$libinit$$00000019          0x0800016c   Section        0  libinit2.o(.ARM.Collect$$libinit$$00000019)
    .ARM.Collect$$libinit$$0000001B          0x0800016c   Section        0  libinit2.o(.ARM.Collect$$libinit$$0000001B)
    .ARM.Collect$$libinit$$0000001D          0x0800016c   Section        0  libinit2.o(.ARM.Collect$$libinit$$0000001D)
    .ARM.Collect$$libinit$$0000001F          0x0800016c   Section        0  libinit2.o(.ARM.Collect$$libinit$$0000001F)
    .ARM.Collect$$libinit$$00000021          0x0800016c   Section        0  libinit2.o(.ARM.Collect$$libinit$$00000021)
    .ARM.Collect$$libinit$$00000023          0x0800016c   Section        0  libinit2.o(.ARM.Collect$$libinit$$00000023)
    .ARM.Collect$$libinit$$00000025          0x0800016c   Section        0  libinit2.o(.ARM.Collect$$libinit$$00000025)
    .ARM.Collect$$libinit$$0000002C          0x0800016c   Section        0  libinit2.o(.ARM.Collect$$libinit$$0000002C)
    .ARM.Collect$$libinit$$0000002E          0x0800016c   Section        0  libinit2.o(.ARM.Collect$$libinit$$0000002E)
    .ARM.Collect$$libinit$$00000030          0x0800016c   Section        0  libinit2.o(.ARM.Collect$$libinit$$00000030)
    .ARM.Collect$$libinit$$00000032          0x0800016c   Section        0  libinit2.o(.ARM.Collect$$libinit$$00000032)
    .ARM.Collect$$libinit$$00000033          0x0800016c   Section        2  libinit2.o(.ARM.Collect$$libinit$$00000033)
    .ARM.Collect$$libshutdown$$00000000      0x0800016e   Section        2  libshutdown.o(.ARM.Collect$$libshutdown$$00000000)
    .ARM.Collect$$libshutdown$$00000002      0x08000170   Section        0  libshutdown2.o(.ARM.Collect$$libshutdown$$00000002)
    .ARM.Collect$$libshutdown$$00000004      0x08000170   Section        0  libshutdown2.o(.ARM.Collect$$libshutdown$$00000004)
    .ARM.Collect$$libshutdown$$00000007      0x08000170   Section        0  libshutdown2.o(.ARM.Collect$$libshutdown$$00000007)
    .ARM.Collect$$libshutdown$$0000000A      0x08000170   Section        0  libshutdown2.o(.ARM.Collect$$libshutdown$$0000000A)
    .ARM.Collect$$libshutdown$$0000000C      0x08000170   Section        0  libshutdown2.o(.ARM.Collect$$libshutdown$$0000000C)
    .ARM.Collect$$libshutdown$$0000000F      0x08000170   Section        0  libshutdown2.o(.ARM.Collect$$libshutdown$$0000000F)
    .ARM.Collect$$libshutdown$$00000010      0x08000170   Section        2  libshutdown2.o(.ARM.Collect$$libshutdown$$00000010)
    .ARM.Collect$$rtentry$$00000000          0x08000172   Section        0  __rtentry.o(.ARM.Collect$$rtentry$$00000000)
    .ARM.Collect$$rtentry$$00000002          0x08000172   Section        0  __rtentry2.o(.ARM.Collect$$rtentry$$00000002)
    .ARM.Collect$$rtentry$$00000004          0x08000172   Section        6  __rtentry4.o(.ARM.Collect$$rtentry$$00000004)
    .ARM.Collect$$rtentry$$00000009          0x08000178   Section        0  __rtentry2.o(.ARM.Collect$$rtentry$$00000009)
    .ARM.Collect$$rtentry$$0000000A          0x08000178   Section        4  __rtentry2.o(.ARM.Collect$$rtentry$$0000000A)
    .ARM.Collect$$rtentry$$0000000C          0x0800017c   Section        0  __rtentry2.o(.ARM.Collect$$rtentry$$0000000C)
    .ARM.Collect$$rtentry$$0000000D          0x0800017c   Section        8  __rtentry2.o(.ARM.Collect$$rtentry$$0000000D)
    .ARM.Collect$$rtexit$$00000000           0x08000184   Section        2  rtexit.o(.ARM.Collect$$rtexit$$00000000)
    .ARM.Collect$$rtexit$$00000002           0x08000186   Section        0  rtexit2.o(.ARM.Collect$$rtexit$$00000002)
    .ARM.Collect$$rtexit$$00000003           0x08000186   Section        4  rtexit2.o(.ARM.Collect$$rtexit$$00000003)
    .ARM.Collect$$rtexit$$00000004           0x0800018a   Section        6  rtexit2.o(.ARM.Collect$$rtexit$$00000004)
    .text                                    0x08000190   Section       64  startup_stm32f103xb.o(.text)
    .text                                    0x080001d0   Section        0  noretval__2sprintf.o(.text)
    .text                                    0x080001f8   Section        0  __printf.o(.text)
    .text                                    0x08000260   Section        0  _printf_dec.o(.text)
    .text                                    0x080002d8   Section       16  aeabi_memset.o(.text)
    .text                                    0x080002e8   Section       78  rt_memclr_w.o(.text)
    .text                                    0x08000336   Section        0  heapauxi.o(.text)
    .text                                    0x0800033c   Section        0  _printf_intcommon.o(.text)
    .text                                    0x080003f0   Section        0  _printf_char_common.o(.text)
    _printf_input_char                       0x080003f1   Thumb Code    10  _printf_char_common.o(.text)
    .text                                    0x08000420   Section        0  _sputc.o(.text)
    .text                                    0x0800042a   Section       68  rt_memclr.o(.text)
    .text                                    0x0800046e   Section       74  sys_stackheap_outer.o(.text)
    .text                                    0x080004b8   Section        0  exit.o(.text)
    .text                                    0x080004cc   Section        8  libspace.o(.text)
    .text                                    0x080004d4   Section        0  sys_exit.o(.text)
    .text                                    0x080004e0   Section        2  use_no_semi.o(.text)
    .text                                    0x080004e2   Section        0  indicate_semi.o(.text)
    i.BusFault_Handler                       0x080004e2   Section        0  stm32f1xx_it.o(i.BusFault_Handler)
    i.DebugMon_Handler                       0x080004e4   Section        0  stm32f1xx_it.o(i.DebugMon_Handler)
    i.Flash_Led                              0x080004e8   Section        0  main.o(i.Flash_Led)
    i.HAL_DMA_Abort                          0x08000528   Section        0  stm32f1xx_hal_dma.o(i.HAL_DMA_Abort)
    i.HAL_DMA_Abort_IT                       0x08000570   Section        0  stm32f1xx_hal_dma.o(i.HAL_DMA_Abort_IT)
    i.HAL_Delay                              0x08000608   Section        0  stm32f1xx_hal.o(i.HAL_Delay)
    i.HAL_GPIO_Init                          0x0800062c   Section        0  stm32f1xx_hal_gpio.o(i.HAL_GPIO_Init)
    i.HAL_GPIO_ReadPin                       0x0800080c   Section        0  stm32f1xx_hal_gpio.o(i.HAL_GPIO_ReadPin)
    i.HAL_GPIO_TogglePin                     0x08000816   Section        0  stm32f1xx_hal_gpio.o(i.HAL_GPIO_TogglePin)
    i.HAL_GPIO_WritePin                      0x08000826   Section        0  stm32f1xx_hal_gpio.o(i.HAL_GPIO_WritePin)
    i.HAL_GetTick                            0x08000830   Section        0  stm32f1xx_hal.o(i.HAL_GetTick)
    i.HAL_IncTick                            0x0800083c   Section        0  stm32f1xx_hal.o(i.HAL_IncTick)
    i.HAL_Init                               0x0800084c   Section        0  stm32f1xx_hal.o(i.HAL_Init)
    i.HAL_InitTick                           0x08000870   Section        0  stm32f1xx_hal.o(i.HAL_InitTick)
    i.HAL_MspInit                            0x080008b0   Section        0  stm32f1xx_hal_msp.o(i.HAL_MspInit)
    i.HAL_NVIC_EnableIRQ                     0x080008ec   Section        0  stm32f1xx_hal_cortex.o(i.HAL_NVIC_EnableIRQ)
    i.HAL_NVIC_SetPriority                   0x08000908   Section        0  stm32f1xx_hal_cortex.o(i.HAL_NVIC_SetPriority)
    i.HAL_NVIC_SetPriorityGrouping           0x08000948   Section        0  stm32f1xx_hal_cortex.o(i.HAL_NVIC_SetPriorityGrouping)
    i.HAL_RCC_ClockConfig                    0x0800096c   Section        0  stm32f1xx_hal_rcc.o(i.HAL_RCC_ClockConfig)
    i.HAL_RCC_GetPCLK1Freq                   0x08000a98   Section        0  stm32f1xx_hal_rcc.o(i.HAL_RCC_GetPCLK1Freq)
    i.HAL_RCC_GetPCLK2Freq                   0x08000ab8   Section        0  stm32f1xx_hal_rcc.o(i.HAL_RCC_GetPCLK2Freq)
    i.HAL_RCC_GetSysClockFreq                0x08000ad8   Section        0  stm32f1xx_hal_rcc.o(i.HAL_RCC_GetSysClockFreq)
    i.HAL_RCC_OscConfig                      0x08000b24   Section        0  stm32f1xx_hal_rcc.o(i.HAL_RCC_OscConfig)
    i.HAL_SYSTICK_Config                     0x08000e44   Section        0  stm32f1xx_hal_cortex.o(i.HAL_SYSTICK_Config)
    i.HAL_TIMEx_BreakCallback                0x08000e6c   Section        0  stm32f1xx_hal_tim_ex.o(i.HAL_TIMEx_BreakCallback)
    i.HAL_TIMEx_CommutCallback               0x08000e6e   Section        0  stm32f1xx_hal_tim_ex.o(i.HAL_TIMEx_CommutCallback)
    i.HAL_TIMEx_MasterConfigSynchronization  0x08000e70   Section        0  stm32f1xx_hal_tim_ex.o(i.HAL_TIMEx_MasterConfigSynchronization)
    i.HAL_TIM_Base_Init                      0x08000ed8   Section        0  stm32f1xx_hal_tim.o(i.HAL_TIM_Base_Init)
    i.HAL_TIM_Base_MspInit                   0x08000f34   Section        0  stm32f1xx_hal_msp.o(i.HAL_TIM_Base_MspInit)
    i.HAL_TIM_Base_Start_IT                  0x08000f94   Section        0  stm32f1xx_hal_tim.o(i.HAL_TIM_Base_Start_IT)
    i.HAL_TIM_ConfigClockSource              0x08000fec   Section        0  stm32f1xx_hal_tim.o(i.HAL_TIM_ConfigClockSource)
    i.HAL_TIM_IC_CaptureCallback             0x080010c8   Section        0  stm32f1xx_hal_tim.o(i.HAL_TIM_IC_CaptureCallback)
    i.HAL_TIM_IRQHandler                     0x080010ca   Section        0  stm32f1xx_hal_tim.o(i.HAL_TIM_IRQHandler)
    i.HAL_TIM_OC_DelayElapsedCallback        0x08001230   Section        0  stm32f1xx_hal_tim.o(i.HAL_TIM_OC_DelayElapsedCallback)
    i.HAL_TIM_PWM_PulseFinishedCallback      0x08001232   Section        0  stm32f1xx_hal_tim.o(i.HAL_TIM_PWM_PulseFinishedCallback)
    i.HAL_TIM_PeriodElapsedCallback          0x08001234   Section        0  main.o(i.HAL_TIM_PeriodElapsedCallback)
    i.HAL_TIM_TriggerCallback                0x08001268   Section        0  stm32f1xx_hal_tim.o(i.HAL_TIM_TriggerCallback)
    i.HAL_UARTEx_RxEventCallback             0x0800126a   Section        0  stm32f1xx_hal_uart.o(i.HAL_UARTEx_RxEventCallback)
    i.HAL_UART_ErrorCallback                 0x0800126c   Section        0  stm32f1xx_hal_uart.o(i.HAL_UART_ErrorCallback)
    i.HAL_UART_IRQHandler                    0x08001270   Section        0  stm32f1xx_hal_uart.o(i.HAL_UART_IRQHandler)
    i.HAL_UART_Init                          0x080014dc   Section        0  stm32f1xx_hal_uart.o(i.HAL_UART_Init)
    i.HAL_UART_MspInit                       0x08001540   Section        0  stm32f1xx_hal_msp.o(i.HAL_UART_MspInit)
    i.HAL_UART_Receive_IT                    0x080015c0   Section        0  stm32f1xx_hal_uart.o(i.HAL_UART_Receive_IT)
    i.HAL_UART_RxCpltCallback                0x080015dc   Section        0  main.o(i.HAL_UART_RxCpltCallback)
    i.HAL_UART_TxCpltCallback                0x08001614   Section        0  stm32f1xx_hal_uart.o(i.HAL_UART_TxCpltCallback)
    i.HardFault_Handler                      0x08001616   Section        0  stm32f1xx_it.o(i.HardFault_Handler)
    i.MX_GPIO_Init                           0x08001618   Section        0  main.o(i.MX_GPIO_Init)
    MX_GPIO_Init                             0x08001619   Thumb Code   260  main.o(i.MX_GPIO_Init)
    i.MX_TIM1_Init                           0x08001730   Section        0  main.o(i.MX_TIM1_Init)
    MX_TIM1_Init                             0x08001731   Thumb Code    96  main.o(i.MX_TIM1_Init)
    i.MX_TIM2_Init                           0x08001798   Section        0  main.o(i.MX_TIM2_Init)
    MX_TIM2_Init                             0x08001799   Thumb Code    96  main.o(i.MX_TIM2_Init)
    i.MemManage_Handler                      0x080017fc   Section        0  stm32f1xx_it.o(i.MemManage_Handler)
    i.NMI_Handler                            0x080017fe   Section        0  stm32f1xx_it.o(i.NMI_Handler)
    i.PendSV_Handler                         0x08001800   Section        0  stm32f1xx_it.o(i.PendSV_Handler)
    i.RS485_Init                             0x08001804   Section        0  rs485.o(i.RS485_Init)
    i.RS485_Read                             0x080019a0   Section        0  rs485.o(i.RS485_Read)
    i.RS485_SendData                         0x08001a40   Section        0  rs485.o(i.RS485_SendData)
    i.ST7920_Clear                           0x08001ac4   Section        0  st7920.o(i.ST7920_Clear)
    i.ST7920_DrawBitmap                      0x08001b2c   Section        0  st7920.o(i.ST7920_DrawBitmap)
    i.ST7920_GraphicMode                     0x08001bb0   Section        0  st7920.o(i.ST7920_GraphicMode)
    i.ST7920_Init                            0x08001bf4   Section        0  st7920.o(i.ST7920_Init)
    i.ST7920_SendCmd                         0x08001c78   Section        0  st7920.o(i.ST7920_SendCmd)
    i.ST7920_SendData                        0x08001cb8   Section        0  st7920.o(i.ST7920_SendData)
    i.ST7920_SendString                      0x08001cf8   Section        0  st7920.o(i.ST7920_SendString)
    i.SVC_Handler                            0x08001d36   Section        0  stm32f1xx_it.o(i.SVC_Handler)
    i.SendByteSPI                            0x08001d38   Section        0  st7920.o(i.SendByteSPI)
    i.SysTick_Handler                        0x08001d80   Section        0  stm32f1xx_it.o(i.SysTick_Handler)
    i.SystemClock_Config                     0x08001d84   Section        0  main.o(i.SystemClock_Config)
    i.SystemInit                             0x08001de2   Section        0  system_stm32f1xx.o(i.SystemInit)
    i.TIM1_UP_IRQHandler                     0x08001de4   Section        0  stm32f1xx_it.o(i.TIM1_UP_IRQHandler)
    i.TIM2_IRQHandler                        0x08001df0   Section        0  stm32f1xx_it.o(i.TIM2_IRQHandler)
    i.TIM_Base_SetConfig                     0x08001dfc   Section        0  stm32f1xx_hal_tim.o(i.TIM_Base_SetConfig)
    i.TIM_ETR_SetConfig                      0x08001e68   Section        0  stm32f1xx_hal_tim.o(i.TIM_ETR_SetConfig)
    i.TIM_ITRx_SetConfig                     0x08001e7c   Section        0  stm32f1xx_hal_tim.o(i.TIM_ITRx_SetConfig)
    TIM_ITRx_SetConfig                       0x08001e7d   Thumb Code    16  stm32f1xx_hal_tim.o(i.TIM_ITRx_SetConfig)
    i.TIM_TI1_ConfigInputStage               0x08001e8c   Section        0  stm32f1xx_hal_tim.o(i.TIM_TI1_ConfigInputStage)
    TIM_TI1_ConfigInputStage                 0x08001e8d   Thumb Code    34  stm32f1xx_hal_tim.o(i.TIM_TI1_ConfigInputStage)
    i.TIM_TI2_ConfigInputStage               0x08001eae   Section        0  stm32f1xx_hal_tim.o(i.TIM_TI2_ConfigInputStage)
    TIM_TI2_ConfigInputStage                 0x08001eaf   Thumb Code    36  stm32f1xx_hal_tim.o(i.TIM_TI2_ConfigInputStage)
    i.UART_DMAAbortOnError                   0x08001ed2   Section        0  stm32f1xx_hal_uart.o(i.UART_DMAAbortOnError)
    UART_DMAAbortOnError                     0x08001ed3   Thumb Code    16  stm32f1xx_hal_uart.o(i.UART_DMAAbortOnError)
    i.UART_EndRxTransfer                     0x08001ee2   Section        0  stm32f1xx_hal_uart.o(i.UART_EndRxTransfer)
    UART_EndRxTransfer                       0x08001ee3   Thumb Code    78  stm32f1xx_hal_uart.o(i.UART_EndRxTransfer)
    i.UART_Receive_IT                        0x08001f30   Section        0  stm32f1xx_hal_uart.o(i.UART_Receive_IT)
    UART_Receive_IT                          0x08001f31   Thumb Code   194  stm32f1xx_hal_uart.o(i.UART_Receive_IT)
    i.UART_SetConfig                         0x08001ff4   Section        0  stm32f1xx_hal_uart.o(i.UART_SetConfig)
    UART_SetConfig                           0x08001ff5   Thumb Code   178  stm32f1xx_hal_uart.o(i.UART_SetConfig)
    i.UART_Start_Receive_IT                  0x080020ac   Section        0  stm32f1xx_hal_uart.o(i.UART_Start_Receive_IT)
    i.USART1_IRQHandler                      0x080020e4   Section        0  stm32f1xx_it.o(i.USART1_IRQHandler)
    i.UsageFault_Handler                     0x080020f0   Section        0  stm32f1xx_it.o(i.UsageFault_Handler)
    i.__NVIC_SetPriority                     0x080020f2   Section        0  stm32f1xx_hal_cortex.o(i.__NVIC_SetPriority)
    __NVIC_SetPriority                       0x080020f3   Thumb Code    32  stm32f1xx_hal_cortex.o(i.__NVIC_SetPriority)
    i.delay_us                               0x08002114   Section        0  st7920.o(i.delay_us)
    i.main                                   0x0800212c   Section        0  main.o(i.main)
    .constdata                               0x080024e0   Section     1024  st7920.o(.constdata)
    .constdata                               0x080028e0   Section       18  stm32f1xx_hal_rcc.o(.constdata)
    aPredivFactorTable                       0x080028e0   Data           2  stm32f1xx_hal_rcc.o(.constdata)
    aPLLMULFactorTable                       0x080028e2   Data          16  stm32f1xx_hal_rcc.o(.constdata)
    .constdata                               0x080028f2   Section       16  system_stm32f1xx.o(.constdata)
    .constdata                               0x08002902   Section        8  system_stm32f1xx.o(.constdata)
    .data                                    0x20000000   Section        7  st7920.o(.data)
    .data                                    0x20000007   Section        2  rs485.o(.data)
    isSending                                0x20000007   Data           1  rs485.o(.data)
    .data                                    0x2000000c   Section       32  main.o(.data)
    .data                                    0x2000002c   Section       12  stm32f1xx_hal.o(.data)
    .data                                    0x20000038   Section        4  system_stm32f1xx.o(.data)
    .bss                                     0x2000003c   Section       56  rs485.o(.bss)
    .bss                                     0x20000074   Section      280  main.o(.bss)
    .bss                                     0x2000018c   Section       96  libspace.o(.bss)
    HEAP                                     0x200001f0   Section      512  startup_stm32f103xb.o(HEAP)
    Heap_Mem                                 0x200001f0   Data         512  startup_stm32f103xb.o(HEAP)
    STACK                                    0x200003f0   Section     1024  startup_stm32f103xb.o(STACK)
    Stack_Mem                                0x200003f0   Data        1024  startup_stm32f103xb.o(STACK)
    __initial_sp                             0x200007f0   Data           0  startup_stm32f103xb.o(STACK)

    Global Symbols

    Symbol Name                              Value     Ov Type        Size  Object(Section)

    BuildAttributes$$THM_ISAv4$P$D$K$B$S$PE$A:L22UL41UL21$X:L11$S22US41US21$IEEE1$IW$USESV6$~STKCKD$USESV7$~SHL$OSPACE$ROPI$EBA8$UX$STANDARDLIB$REQ8$PRES8$EABIv2 0x00000000   Number         0  anon$$obj.o ABSOLUTE
    __ARM_use_no_argv                        0x00000000   Number         0  main.o ABSOLUTE
    __ARM_exceptions_init                     - Undefined Weak Reference
    __alloca_initialize                       - Undefined Weak Reference
    __arm_preinit_                            - Undefined Weak Reference
    __cpp_initialize__aeabi_                  - Undefined Weak Reference
    __cxa_finalize                            - Undefined Weak Reference
    __rt_locale                               - Undefined Weak Reference
    __sigvec_lookup                           - Undefined Weak Reference
    _atexit_init                              - Undefined Weak Reference
    _call_atexit_fns                          - Undefined Weak Reference
    _clock_init                               - Undefined Weak Reference
    _fp_trap_init                             - Undefined Weak Reference
    _fp_trap_shutdown                         - Undefined Weak Reference
    _get_lc_collate                           - Undefined Weak Reference
    _get_lc_ctype                             - Undefined Weak Reference
    _get_lc_monetary                          - Undefined Weak Reference
    _get_lc_numeric                           - Undefined Weak Reference
    _get_lc_time                              - Undefined Weak Reference
    _getenv_init                              - Undefined Weak Reference
    _handle_redirection                       - Undefined Weak Reference
    _init_alloc                               - Undefined Weak Reference
    _init_user_alloc                          - Undefined Weak Reference
    _initio                                   - Undefined Weak Reference
    _printf_post_padding                      - Undefined Weak Reference
    _printf_pre_padding                       - Undefined Weak Reference
    _printf_truncate_signed                   - Undefined Weak Reference
    _printf_truncate_unsigned                 - Undefined Weak Reference
    _rand_init                                - Undefined Weak Reference
    _signal_finish                            - Undefined Weak Reference
    _signal_init                              - Undefined Weak Reference
    _terminate_alloc                          - Undefined Weak Reference
    _terminate_user_alloc                     - Undefined Weak Reference
    _terminateio                              - Undefined Weak Reference
    __Vectors_Size                           0x000000ec   Number         0  startup_stm32f103xb.o ABSOLUTE
    __Vectors                                0x08000000   Data           4  startup_stm32f103xb.o(RESET)
    __Vectors_End                            0x080000ec   Data           0  startup_stm32f103xb.o(RESET)
    __main                                   0x080000ed   Thumb Code     8  __main.o(!!!main)
    __scatterload                            0x080000f5   Thumb Code     0  __scatter.o(!!!scatter)
    __scatterload_rt2                        0x080000f5   Thumb Code    44  __scatter.o(!!!scatter)
    __scatterload_rt2_thumb_only             0x080000f5   Thumb Code     0  __scatter.o(!!!scatter)
    __scatterload_null                       0x08000103   Thumb Code     0  __scatter.o(!!!scatter)
    __scatterload_copy                       0x08000129   Thumb Code    26  __scatter_copy.o(!!handler_copy)
    __scatterload_zeroinit                   0x08000145   Thumb Code    28  __scatter_zi.o(!!handler_zi)
    _printf_d                                0x08000161   Thumb Code     0  _printf_d.o(.ARM.Collect$$_printf_percent$$00000009)
    _printf_percent                          0x08000161   Thumb Code     0  _printf_percent.o(.ARM.Collect$$_printf_percent$$00000000)
    _printf_percent_end                      0x08000167   Thumb Code     0  _printf_percent_end.o(.ARM.Collect$$_printf_percent$$00000017)
    __rt_lib_init                            0x0800016b   Thumb Code     0  libinit.o(.ARM.Collect$$libinit$$00000000)
    __rt_lib_init_alloca_1                   0x0800016d   Thumb Code     0  libinit2.o(.ARM.Collect$$libinit$$0000002E)
    __rt_lib_init_argv_1                     0x0800016d   Thumb Code     0  libinit2.o(.ARM.Collect$$libinit$$0000002C)
    __rt_lib_init_atexit_1                   0x0800016d   Thumb Code     0  libinit2.o(.ARM.Collect$$libinit$$0000001B)
    __rt_lib_init_clock_1                    0x0800016d   Thumb Code     0  libinit2.o(.ARM.Collect$$libinit$$00000021)
    __rt_lib_init_cpp_1                      0x0800016d   Thumb Code     0  libinit2.o(.ARM.Collect$$libinit$$00000032)
    __rt_lib_init_exceptions_1               0x0800016d   Thumb Code     0  libinit2.o(.ARM.Collect$$libinit$$00000030)
    __rt_lib_init_fp_1                       0x0800016d   Thumb Code     0  libinit2.o(.ARM.Collect$$libinit$$00000002)
    __rt_lib_init_fp_trap_1                  0x0800016d   Thumb Code     0  libinit2.o(.ARM.Collect$$libinit$$0000001F)
    __rt_lib_init_getenv_1                   0x0800016d   Thumb Code     0  libinit2.o(.ARM.Collect$$libinit$$00000023)
    __rt_lib_init_heap_1                     0x0800016d   Thumb Code     0  libinit2.o(.ARM.Collect$$libinit$$0000000A)
    __rt_lib_init_lc_collate_1               0x0800016d   Thumb Code     0  libinit2.o(.ARM.Collect$$libinit$$00000011)
    __rt_lib_init_lc_ctype_1                 0x0800016d   Thumb Code     0  libinit2.o(.ARM.Collect$$libinit$$00000013)
    __rt_lib_init_lc_monetary_1              0x0800016d   Thumb Code     0  libinit2.o(.ARM.Collect$$libinit$$00000015)
    __rt_lib_init_lc_numeric_1               0x0800016d   Thumb Code     0  libinit2.o(.ARM.Collect$$libinit$$00000017)
    __rt_lib_init_lc_time_1                  0x0800016d   Thumb Code     0  libinit2.o(.ARM.Collect$$libinit$$00000019)
    __rt_lib_init_preinit_1                  0x0800016d   Thumb Code     0  libinit2.o(.ARM.Collect$$libinit$$00000004)
    __rt_lib_init_rand_1                     0x0800016d   Thumb Code     0  libinit2.o(.ARM.Collect$$libinit$$0000000E)
    __rt_lib_init_return                     0x0800016d   Thumb Code     0  libinit2.o(.ARM.Collect$$libinit$$00000033)
    __rt_lib_init_signal_1                   0x0800016d   Thumb Code     0  libinit2.o(.ARM.Collect$$libinit$$0000001D)
    __rt_lib_init_stdio_1                    0x0800016d   Thumb Code     0  libinit2.o(.ARM.Collect$$libinit$$00000025)
    __rt_lib_init_user_alloc_1               0x0800016d   Thumb Code     0  libinit2.o(.ARM.Collect$$libinit$$0000000C)
    __rt_lib_shutdown                        0x0800016f   Thumb Code     0  libshutdown.o(.ARM.Collect$$libshutdown$$00000000)
    __rt_lib_shutdown_cpp_1                  0x08000171   Thumb Code     0  libshutdown2.o(.ARM.Collect$$libshutdown$$00000002)
    __rt_lib_shutdown_fp_trap_1              0x08000171   Thumb Code     0  libshutdown2.o(.ARM.Collect$$libshutdown$$00000007)
    __rt_lib_shutdown_heap_1                 0x08000171   Thumb Code     0  libshutdown2.o(.ARM.Collect$$libshutdown$$0000000F)
    __rt_lib_shutdown_return                 0x08000171   Thumb Code     0  libshutdown2.o(.ARM.Collect$$libshutdown$$00000010)
    __rt_lib_shutdown_signal_1               0x08000171   Thumb Code     0  libshutdown2.o(.ARM.Collect$$libshutdown$$0000000A)
    __rt_lib_shutdown_stdio_1                0x08000171   Thumb Code     0  libshutdown2.o(.ARM.Collect$$libshutdown$$00000004)
    __rt_lib_shutdown_user_alloc_1           0x08000171   Thumb Code     0  libshutdown2.o(.ARM.Collect$$libshutdown$$0000000C)
    __rt_entry                               0x08000173   Thumb Code     0  __rtentry.o(.ARM.Collect$$rtentry$$00000000)
    __rt_entry_presh_1                       0x08000173   Thumb Code     0  __rtentry2.o(.ARM.Collect$$rtentry$$00000002)
    __rt_entry_sh                            0x08000173   Thumb Code     0  __rtentry4.o(.ARM.Collect$$rtentry$$00000004)
    __rt_entry_li                            0x08000179   Thumb Code     0  __rtentry2.o(.ARM.Collect$$rtentry$$0000000A)
    __rt_entry_postsh_1                      0x08000179   Thumb Code     0  __rtentry2.o(.ARM.Collect$$rtentry$$00000009)
    __rt_entry_main                          0x0800017d   Thumb Code     0  __rtentry2.o(.ARM.Collect$$rtentry$$0000000D)
    __rt_entry_postli_1                      0x0800017d   Thumb Code     0  __rtentry2.o(.ARM.Collect$$rtentry$$0000000C)
    __rt_exit                                0x08000185   Thumb Code     0  rtexit.o(.ARM.Collect$$rtexit$$00000000)
    __rt_exit_ls                             0x08000187   Thumb Code     0  rtexit2.o(.ARM.Collect$$rtexit$$00000003)
    __rt_exit_prels_1                        0x08000187   Thumb Code     0  rtexit2.o(.ARM.Collect$$rtexit$$00000002)
    __rt_exit_exit                           0x0800018b   Thumb Code     0  rtexit2.o(.ARM.Collect$$rtexit$$00000004)
    Reset_Handler                            0x08000191   Thumb Code     8  startup_stm32f103xb.o(.text)
    ADC1_2_IRQHandler                        0x080001ab   Thumb Code     0  startup_stm32f103xb.o(.text)
    CAN1_RX1_IRQHandler                      0x080001ab   Thumb Code     0  startup_stm32f103xb.o(.text)
    CAN1_SCE_IRQHandler                      0x080001ab   Thumb Code     0  startup_stm32f103xb.o(.text)
    DMA1_Channel1_IRQHandler                 0x080001ab   Thumb Code     0  startup_stm32f103xb.o(.text)
    DMA1_Channel2_IRQHandler                 0x080001ab   Thumb Code     0  startup_stm32f103xb.o(.text)
    DMA1_Channel3_IRQHandler                 0x080001ab   Thumb Code     0  startup_stm32f103xb.o(.text)
    DMA1_Channel4_IRQHandler                 0x080001ab   Thumb Code     0  startup_stm32f103xb.o(.text)
    DMA1_Channel5_IRQHandler                 0x080001ab   Thumb Code     0  startup_stm32f103xb.o(.text)
    DMA1_Channel6_IRQHandler                 0x080001ab   Thumb Code     0  startup_stm32f103xb.o(.text)
    DMA1_Channel7_IRQHandler                 0x080001ab   Thumb Code     0  startup_stm32f103xb.o(.text)
    EXTI0_IRQHandler                         0x080001ab   Thumb Code     0  startup_stm32f103xb.o(.text)
    EXTI15_10_IRQHandler                     0x080001ab   Thumb Code     0  startup_stm32f103xb.o(.text)
    EXTI1_IRQHandler                         0x080001ab   Thumb Code     0  startup_stm32f103xb.o(.text)
    EXTI2_IRQHandler                         0x080001ab   Thumb Code     0  startup_stm32f103xb.o(.text)
    EXTI3_IRQHandler                         0x080001ab   Thumb Code     0  startup_stm32f103xb.o(.text)
    EXTI4_IRQHandler                         0x080001ab   Thumb Code     0  startup_stm32f103xb.o(.text)
    EXTI9_5_IRQHandler                       0x080001ab   Thumb Code     0  startup_stm32f103xb.o(.text)
    FLASH_IRQHandler                         0x080001ab   Thumb Code     0  startup_stm32f103xb.o(.text)
    I2C1_ER_IRQHandler                       0x080001ab   Thumb Code     0  startup_stm32f103xb.o(.text)
    I2C1_EV_IRQHandler                       0x080001ab   Thumb Code     0  startup_stm32f103xb.o(.text)
    I2C2_ER_IRQHandler                       0x080001ab   Thumb Code     0  startup_stm32f103xb.o(.text)
    I2C2_EV_IRQHandler                       0x080001ab   Thumb Code     0  startup_stm32f103xb.o(.text)
    PVD_IRQHandler                           0x080001ab   Thumb Code     0  startup_stm32f103xb.o(.text)
    RCC_IRQHandler                           0x080001ab   Thumb Code     0  startup_stm32f103xb.o(.text)
    RTC_Alarm_IRQHandler                     0x080001ab   Thumb Code     0  startup_stm32f103xb.o(.text)
    RTC_IRQHandler                           0x080001ab   Thumb Code     0  startup_stm32f103xb.o(.text)
    SPI1_IRQHandler                          0x080001ab   Thumb Code     0  startup_stm32f103xb.o(.text)
    SPI2_IRQHandler                          0x080001ab   Thumb Code     0  startup_stm32f103xb.o(.text)
    TAMPER_IRQHandler                        0x080001ab   Thumb Code     0  startup_stm32f103xb.o(.text)
    TIM1_BRK_IRQHandler                      0x080001ab   Thumb Code     0  startup_stm32f103xb.o(.text)
    TIM1_CC_IRQHandler                       0x080001ab   Thumb Code     0  startup_stm32f103xb.o(.text)
    TIM1_TRG_COM_IRQHandler                  0x080001ab   Thumb Code     0  startup_stm32f103xb.o(.text)
    TIM3_IRQHandler                          0x080001ab   Thumb Code     0  startup_stm32f103xb.o(.text)
    TIM4_IRQHandler                          0x080001ab   Thumb Code     0  startup_stm32f103xb.o(.text)
    USART2_IRQHandler                        0x080001ab   Thumb Code     0  startup_stm32f103xb.o(.text)
    USART3_IRQHandler                        0x080001ab   Thumb Code     0  startup_stm32f103xb.o(.text)
    USBWakeUp_IRQHandler                     0x080001ab   Thumb Code     0  startup_stm32f103xb.o(.text)
    USB_HP_CAN1_TX_IRQHandler                0x080001ab   Thumb Code     0  startup_stm32f103xb.o(.text)
    USB_LP_CAN1_RX0_IRQHandler               0x080001ab   Thumb Code     0  startup_stm32f103xb.o(.text)
    WWDG_IRQHandler                          0x080001ab   Thumb Code     0  startup_stm32f103xb.o(.text)
    __user_initial_stackheap                 0x080001ad   Thumb Code     0  startup_stm32f103xb.o(.text)
    __2sprintf                               0x080001d1   Thumb Code    34  noretval__2sprintf.o(.text)
    __printf                                 0x080001f9   Thumb Code   104  __printf.o(.text)
    _printf_int_dec                          0x08000261   Thumb Code   104  _printf_dec.o(.text)
    __aeabi_memset                           0x080002d9   Thumb Code    16  aeabi_memset.o(.text)
    __aeabi_memclr4                          0x080002e9   Thumb Code     0  rt_memclr_w.o(.text)
    __aeabi_memclr8                          0x080002e9   Thumb Code     0  rt_memclr_w.o(.text)
    __rt_memclr_w                            0x080002e9   Thumb Code    78  rt_memclr_w.o(.text)
    _memset_w                                0x080002ed   Thumb Code     0  rt_memclr_w.o(.text)
    __use_two_region_memory                  0x08000337   Thumb Code     2  heapauxi.o(.text)
    __rt_heap_escrow$2region                 0x08000339   Thumb Code     2  heapauxi.o(.text)
    __rt_heap_expand$2region                 0x0800033b   Thumb Code     2  heapauxi.o(.text)
    _printf_int_common                       0x0800033d   Thumb Code   178  _printf_intcommon.o(.text)
    _printf_char_common                      0x080003fb   Thumb Code    32  _printf_char_common.o(.text)
    _sputc                                   0x08000421   Thumb Code    10  _sputc.o(.text)
    __aeabi_memclr                           0x0800042b   Thumb Code     0  rt_memclr.o(.text)
    __rt_memclr                              0x0800042b   Thumb Code    68  rt_memclr.o(.text)
    _memset                                  0x0800042f   Thumb Code     0  rt_memclr.o(.text)
    __user_setup_stackheap                   0x0800046f   Thumb Code    74  sys_stackheap_outer.o(.text)
    exit                                     0x080004b9   Thumb Code    18  exit.o(.text)
    __user_libspace                          0x080004cd   Thumb Code     8  libspace.o(.text)
    __user_perproc_libspace                  0x080004cd   Thumb Code     0  libspace.o(.text)
    __user_perthread_libspace                0x080004cd   Thumb Code     0  libspace.o(.text)
    _sys_exit                                0x080004d5   Thumb Code     8  sys_exit.o(.text)
    __I$use$semihosting                      0x080004e1   Thumb Code     0  use_no_semi.o(.text)
    __use_no_semihosting_swi                 0x080004e1   Thumb Code     2  use_no_semi.o(.text)
    BusFault_Handler                         0x080004e3   Thumb Code     2  stm32f1xx_it.o(i.BusFault_Handler)
    __semihosting_library_function           0x080004e3   Thumb Code     0  indicate_semi.o(.text)
    DebugMon_Handler                         0x080004e5   Thumb Code     2  stm32f1xx_it.o(i.DebugMon_Handler)
    Flash_Led                                0x080004e9   Thumb Code    54  main.o(i.Flash_Led)
    HAL_DMA_Abort                            0x08000529   Thumb Code    70  stm32f1xx_hal_dma.o(i.HAL_DMA_Abort)
    HAL_DMA_Abort_IT                         0x08000571   Thumb Code   148  stm32f1xx_hal_dma.o(i.HAL_DMA_Abort_IT)
    HAL_Delay                                0x08000609   Thumb Code    32  stm32f1xx_hal.o(i.HAL_Delay)
    HAL_GPIO_Init                            0x0800062d   Thumb Code   446  stm32f1xx_hal_gpio.o(i.HAL_GPIO_Init)
    HAL_GPIO_ReadPin                         0x0800080d   Thumb Code    10  stm32f1xx_hal_gpio.o(i.HAL_GPIO_ReadPin)
    HAL_GPIO_TogglePin                       0x08000817   Thumb Code    16  stm32f1xx_hal_gpio.o(i.HAL_GPIO_TogglePin)
    HAL_GPIO_WritePin                        0x08000827   Thumb Code    10  stm32f1xx_hal_gpio.o(i.HAL_GPIO_WritePin)
    HAL_GetTick                              0x08000831   Thumb Code     6  stm32f1xx_hal.o(i.HAL_GetTick)
    HAL_IncTick                              0x0800083d   Thumb Code    12  stm32f1xx_hal.o(i.HAL_IncTick)
    HAL_Init                                 0x0800084d   Thumb Code    32  stm32f1xx_hal.o(i.HAL_Init)
    HAL_InitTick                             0x08000871   Thumb Code    54  stm32f1xx_hal.o(i.HAL_InitTick)
    HAL_MspInit                              0x080008b1   Thumb Code    52  stm32f1xx_hal_msp.o(i.HAL_MspInit)
    HAL_NVIC_EnableIRQ                       0x080008ed   Thumb Code    26  stm32f1xx_hal_cortex.o(i.HAL_NVIC_EnableIRQ)
    HAL_NVIC_SetPriority                     0x08000909   Thumb Code    60  stm32f1xx_hal_cortex.o(i.HAL_NVIC_SetPriority)
    HAL_NVIC_SetPriorityGrouping             0x08000949   Thumb Code    26  stm32f1xx_hal_cortex.o(i.HAL_NVIC_SetPriorityGrouping)
    HAL_RCC_ClockConfig                      0x0800096d   Thumb Code   280  stm32f1xx_hal_rcc.o(i.HAL_RCC_ClockConfig)
    HAL_RCC_GetPCLK1Freq                     0x08000a99   Thumb Code    20  stm32f1xx_hal_rcc.o(i.HAL_RCC_GetPCLK1Freq)
    HAL_RCC_GetPCLK2Freq                     0x08000ab9   Thumb Code    20  stm32f1xx_hal_rcc.o(i.HAL_RCC_GetPCLK2Freq)
    HAL_RCC_GetSysClockFreq                  0x08000ad9   Thumb Code    58  stm32f1xx_hal_rcc.o(i.HAL_RCC_GetSysClockFreq)
    HAL_RCC_OscConfig                        0x08000b25   Thumb Code   778  stm32f1xx_hal_rcc.o(i.HAL_RCC_OscConfig)
    HAL_SYSTICK_Config                       0x08000e45   Thumb Code    40  stm32f1xx_hal_cortex.o(i.HAL_SYSTICK_Config)
    HAL_TIMEx_BreakCallback                  0x08000e6d   Thumb Code     2  stm32f1xx_hal_tim_ex.o(i.HAL_TIMEx_BreakCallback)
    HAL_TIMEx_CommutCallback                 0x08000e6f   Thumb Code     2  stm32f1xx_hal_tim_ex.o(i.HAL_TIMEx_CommutCallback)
    HAL_TIMEx_MasterConfigSynchronization    0x08000e71   Thumb Code    92  stm32f1xx_hal_tim_ex.o(i.HAL_TIMEx_MasterConfigSynchronization)
    HAL_TIM_Base_Init                        0x08000ed9   Thumb Code    90  stm32f1xx_hal_tim.o(i.HAL_TIM_Base_Init)
    HAL_TIM_Base_MspInit                     0x08000f35   Thumb Code    86  stm32f1xx_hal_msp.o(i.HAL_TIM_Base_MspInit)
    HAL_TIM_Base_Start_IT                    0x08000f95   Thumb Code    76  stm32f1xx_hal_tim.o(i.HAL_TIM_Base_Start_IT)
    HAL_TIM_ConfigClockSource                0x08000fed   Thumb Code   220  stm32f1xx_hal_tim.o(i.HAL_TIM_ConfigClockSource)
    HAL_TIM_IC_CaptureCallback               0x080010c9   Thumb Code     2  stm32f1xx_hal_tim.o(i.HAL_TIM_IC_CaptureCallback)
    HAL_TIM_IRQHandler                       0x080010cb   Thumb Code   358  stm32f1xx_hal_tim.o(i.HAL_TIM_IRQHandler)
    HAL_TIM_OC_DelayElapsedCallback          0x08001231   Thumb Code     2  stm32f1xx_hal_tim.o(i.HAL_TIM_OC_DelayElapsedCallback)
    HAL_TIM_PWM_PulseFinishedCallback        0x08001233   Thumb Code     2  stm32f1xx_hal_tim.o(i.HAL_TIM_PWM_PulseFinishedCallback)
    HAL_TIM_PeriodElapsedCallback            0x08001235   Thumb Code    44  main.o(i.HAL_TIM_PeriodElapsedCallback)
    HAL_TIM_TriggerCallback                  0x08001269   Thumb Code     2  stm32f1xx_hal_tim.o(i.HAL_TIM_TriggerCallback)
    HAL_UARTEx_RxEventCallback               0x0800126b   Thumb Code     2  stm32f1xx_hal_uart.o(i.HAL_UARTEx_RxEventCallback)
    HAL_UART_ErrorCallback                   0x0800126d   Thumb Code     2  stm32f1xx_hal_uart.o(i.HAL_UART_ErrorCallback)
    HAL_UART_IRQHandler                      0x08001271   Thumb Code   616  stm32f1xx_hal_uart.o(i.HAL_UART_IRQHandler)
    HAL_UART_Init                            0x080014dd   Thumb Code   100  stm32f1xx_hal_uart.o(i.HAL_UART_Init)
    HAL_UART_MspInit                         0x08001541   Thumb Code   116  stm32f1xx_hal_msp.o(i.HAL_UART_MspInit)
    HAL_UART_Receive_IT                      0x080015c1   Thumb Code    28  stm32f1xx_hal_uart.o(i.HAL_UART_Receive_IT)
    HAL_UART_RxCpltCallback                  0x080015dd   Thumb Code    38  main.o(i.HAL_UART_RxCpltCallback)
    HAL_UART_TxCpltCallback                  0x08001615   Thumb Code     2  stm32f1xx_hal_uart.o(i.HAL_UART_TxCpltCallback)
    HardFault_Handler                        0x08001617   Thumb Code     2  stm32f1xx_it.o(i.HardFault_Handler)
    MemManage_Handler                        0x080017fd   Thumb Code     2  stm32f1xx_it.o(i.MemManage_Handler)
    NMI_Handler                              0x080017ff   Thumb Code     2  stm32f1xx_it.o(i.NMI_Handler)
    PendSV_Handler                           0x08001801   Thumb Code     2  stm32f1xx_it.o(i.PendSV_Handler)
    RS485_Init                               0x08001805   Thumb Code   404  rs485.o(i.RS485_Init)
    RS485_Read                               0x080019a1   Thumb Code   160  rs485.o(i.RS485_Read)
    RS485_SendData                           0x08001a41   Thumb Code   126  rs485.o(i.RS485_SendData)
    ST7920_Clear                             0x08001ac5   Thumb Code    98  st7920.o(i.ST7920_Clear)
    ST7920_DrawBitmap                        0x08001b2d   Thumb Code   132  st7920.o(i.ST7920_DrawBitmap)
    ST7920_GraphicMode                       0x08001bb1   Thumb Code    64  st7920.o(i.ST7920_GraphicMode)
    ST7920_Init                              0x08001bf5   Thumb Code   128  st7920.o(i.ST7920_Init)
    ST7920_SendCmd                           0x08001c79   Thumb Code    60  st7920.o(i.ST7920_SendCmd)
    ST7920_SendData                          0x08001cb9   Thumb Code    60  st7920.o(i.ST7920_SendData)
    ST7920_SendString                        0x08001cf9   Thumb Code    62  st7920.o(i.ST7920_SendString)
    SVC_Handler                              0x08001d37   Thumb Code     2  stm32f1xx_it.o(i.SVC_Handler)
    SendByteSPI                              0x08001d39   Thumb Code    68  st7920.o(i.SendByteSPI)
    SysTick_Handler                          0x08001d81   Thumb Code     4  stm32f1xx_it.o(i.SysTick_Handler)
    SystemClock_Config                       0x08001d85   Thumb Code    94  main.o(i.SystemClock_Config)
    SystemInit                               0x08001de3   Thumb Code     2  system_stm32f1xx.o(i.SystemInit)
    TIM1_UP_IRQHandler                       0x08001de5   Thumb Code     6  stm32f1xx_it.o(i.TIM1_UP_IRQHandler)
    TIM2_IRQHandler                          0x08001df1   Thumb Code     6  stm32f1xx_it.o(i.TIM2_IRQHandler)
    TIM_Base_SetConfig                       0x08001dfd   Thumb Code    94  stm32f1xx_hal_tim.o(i.TIM_Base_SetConfig)
    TIM_ETR_SetConfig                        0x08001e69   Thumb Code    20  stm32f1xx_hal_tim.o(i.TIM_ETR_SetConfig)
    UART_Start_Receive_IT                    0x080020ad   Thumb Code    54  stm32f1xx_hal_uart.o(i.UART_Start_Receive_IT)
    USART1_IRQHandler                        0x080020e5   Thumb Code     6  stm32f1xx_it.o(i.USART1_IRQHandler)
    UsageFault_Handler                       0x080020f1   Thumb Code     2  stm32f1xx_it.o(i.UsageFault_Handler)
    delay_us                                 0x08002115   Thumb Code    18  st7920.o(i.delay_us)
    main                                     0x0800212d   Thumb Code   786  main.o(i.main)
    viettel_post                             0x080024e0   Data        1024  st7920.o(.constdata)
    AHBPrescTable                            0x080028f2   Data          16  system_stm32f1xx.o(.constdata)
    APBPrescTable                            0x08002902   Data           8  system_stm32f1xx.o(.constdata)
    Region$$Table$$Base                      0x0800290c   Number         0  anon$$obj.o(Region$$Table)
    Region$$Table$$Limit                     0x0800292c   Number         0  anon$$obj.o(Region$$Table)
    numRows                                  0x20000000   Data           1  st7920.o(.data)
    numCols                                  0x20000001   Data           1  st7920.o(.data)
    Graphic_Check                            0x20000002   Data           1  st7920.o(.data)
    startRow                                 0x20000003   Data           1  st7920.o(.data)
    startCol                                 0x20000004   Data           1  st7920.o(.data)
    endRow                                   0x20000005   Data           1  st7920.o(.data)
    endCol                                   0x20000006   Data           1  st7920.o(.data)
    TC                                       0x20000008   Data           1  rs485.o(.data)
    isFull                                   0x2000000c   Data           1  main.o(.data)
    flag_1ms                                 0x2000000d   Data           1  main.o(.data)
    Status_Sensor                            0x2000000e   Data           1  main.o(.data)
    flag_flashLed                            0x2000000f   Data           1  main.o(.data)
    cnt_flag_led                             0x20000010   Data           2  main.o(.data)
    cnt_flag_display_lcd                     0x20000012   Data           2  main.o(.data)
    cnt_flag_autosend                        0x20000014   Data           2  main.o(.data)
    num_irq                                  0x20000016   Data           2  main.o(.data)
    num_packet                               0x20000018   Data           2  main.o(.data)
    cnt_sensor_on                            0x2000001a   Data           2  main.o(.data)
    cnt_thapled                              0x2000001c   Data           2  main.o(.data)
    cnt_flag_flashLed                        0x2000001e   Data           2  main.o(.data)
    tim_tick_1ms                             0x20000020   Data           4  main.o(.data)
    num_response_tx                          0x20000024   Data           4  main.o(.data)
    num_request_rx                           0x20000028   Data           4  main.o(.data)
    uwTickFreq                               0x2000002c   Data           1  stm32f1xx_hal.o(.data)
    uwTickPrio                               0x20000030   Data           4  stm32f1xx_hal.o(.data)
    uwTick                                   0x20000034   Data           4  stm32f1xx_hal.o(.data)
    SystemCoreClock                          0x20000038   Data           4  system_stm32f1xx.o(.data)
    vRS485                                   0x2000003c   Data          56  rs485.o(.bss)
    htim1                                    0x20000074   Data          72  main.o(.bss)
    htim2                                    0x200000bc   Data          72  main.o(.bss)
    huart1                                   0x20000104   Data          72  main.o(.bss)
    ROW0                                     0x2000014c   Data          16  main.o(.bss)
    ROW1                                     0x2000015c   Data          16  main.o(.bss)
    ROW2                                     0x2000016c   Data          16  main.o(.bss)
    ROW3                                     0x2000017c   Data          16  main.o(.bss)
    __libspace_start                         0x2000018c   Data          96  libspace.o(.bss)
    __temporary_stack_top$libspace           0x200001ec   Data           0  libspace.o(.bss)



==============================================================================

Memory Map of the image

  Image Entry point : 0x080000ed

  Load Region LR_IROM1 (Base: 0x08000000, Size: 0x00002968, Max: 0x00010000, ABSOLUTE)

    Execution Region ER_IROM1 (Exec base: 0x08000000, Load base: 0x08000000, Size: 0x0000292c, Max: 0x00010000, ABSOLUTE)

    Exec Addr    Load Addr    Size         Type   Attr      Idx    E Section Name        Object

    0x08000000   0x08000000   0x000000ec   Data   RO            3    RESET               startup_stm32f103xb.o
    0x080000ec   0x080000ec   0x00000008   Code   RO         2981  * !!!main             c_w.l(__main.o)
    0x080000f4   0x080000f4   0x00000034   Code   RO         3149    !!!scatter          c_w.l(__scatter.o)
    0x08000128   0x08000128   0x0000001a   Code   RO         3151    !!handler_copy      c_w.l(__scatter_copy.o)
    0x08000142   0x08000142   0x00000002   PAD
    0x08000144   0x08000144   0x0000001c   Code   RO         3153    !!handler_zi        c_w.l(__scatter_zi.o)
    0x08000160   0x08000160   0x00000000   Code   RO         2974    .ARM.Collect$$_printf_percent$$00000000  c_w.l(_printf_percent.o)
    0x08000160   0x08000160   0x00000006   Code   RO         2973    .ARM.Collect$$_printf_percent$$00000009  c_w.l(_printf_d.o)
    0x08000166   0x08000166   0x00000004   Code   RO         2990    .ARM.Collect$$_printf_percent$$00000017  c_w.l(_printf_percent_end.o)
    0x0800016a   0x0800016a   0x00000002   Code   RO         3019    .ARM.Collect$$libinit$$00000000  c_w.l(libinit.o)
    0x0800016c   0x0800016c   0x00000000   Code   RO         3026    .ARM.Collect$$libinit$$00000002  c_w.l(libinit2.o)
    0x0800016c   0x0800016c   0x00000000   Code   RO         3028    .ARM.Collect$$libinit$$00000004  c_w.l(libinit2.o)
    0x0800016c   0x0800016c   0x00000000   Code   RO         3031    .ARM.Collect$$libinit$$0000000A  c_w.l(libinit2.o)
    0x0800016c   0x0800016c   0x00000000   Code   RO         3033    .ARM.Collect$$libinit$$0000000C  c_w.l(libinit2.o)
    0x0800016c   0x0800016c   0x00000000   Code   RO         3035    .ARM.Collect$$libinit$$0000000E  c_w.l(libinit2.o)
    0x0800016c   0x0800016c   0x00000000   Code   RO         3038    .ARM.Collect$$libinit$$00000011  c_w.l(libinit2.o)
    0x0800016c   0x0800016c   0x00000000   Code   RO         3040    .ARM.Collect$$libinit$$00000013  c_w.l(libinit2.o)
    0x0800016c   0x0800016c   0x00000000   Code   RO         3042    .ARM.Collect$$libinit$$00000015  c_w.l(libinit2.o)
    0x0800016c   0x0800016c   0x00000000   Code   RO         3044    .ARM.Collect$$libinit$$00000017  c_w.l(libinit2.o)
    0x0800016c   0x0800016c   0x00000000   Code   RO         3046    .ARM.Collect$$libinit$$00000019  c_w.l(libinit2.o)
    0x0800016c   0x0800016c   0x00000000   Code   RO         3048    .ARM.Collect$$libinit$$0000001B  c_w.l(libinit2.o)
    0x0800016c   0x0800016c   0x00000000   Code   RO         3050    .ARM.Collect$$libinit$$0000001D  c_w.l(libinit2.o)
    0x0800016c   0x0800016c   0x00000000   Code   RO         3052    .ARM.Collect$$libinit$$0000001F  c_w.l(libinit2.o)
    0x0800016c   0x0800016c   0x00000000   Code   RO         3054    .ARM.Collect$$libinit$$00000021  c_w.l(libinit2.o)
    0x0800016c   0x0800016c   0x00000000   Code   RO         3056    .ARM.Collect$$libinit$$00000023  c_w.l(libinit2.o)
    0x0800016c   0x0800016c   0x00000000   Code   RO         3058    .ARM.Collect$$libinit$$00000025  c_w.l(libinit2.o)
    0x0800016c   0x0800016c   0x00000000   Code   RO         3062    .ARM.Collect$$libinit$$0000002C  c_w.l(libinit2.o)
    0x0800016c   0x0800016c   0x00000000   Code   RO         3064    .ARM.Collect$$libinit$$0000002E  c_w.l(libinit2.o)
    0x0800016c   0x0800016c   0x00000000   Code   RO         3066    .ARM.Collect$$libinit$$00000030  c_w.l(libinit2.o)
    0x0800016c   0x0800016c   0x00000000   Code   RO         3068    .ARM.Collect$$libinit$$00000032  c_w.l(libinit2.o)
    0x0800016c   0x0800016c   0x00000002   Code   RO         3069    .ARM.Collect$$libinit$$00000033  c_w.l(libinit2.o)
    0x0800016e   0x0800016e   0x00000002   Code   RO         3089    .ARM.Collect$$libshutdown$$00000000  c_w.l(libshutdown.o)
    0x08000170   0x08000170   0x00000000   Code   RO         3102    .ARM.Collect$$libshutdown$$00000002  c_w.l(libshutdown2.o)
    0x08000170   0x08000170   0x00000000   Code   RO         3104    .ARM.Collect$$libshutdown$$00000004  c_w.l(libshutdown2.o)
    0x08000170   0x08000170   0x00000000   Code   RO         3107    .ARM.Collect$$libshutdown$$00000007  c_w.l(libshutdown2.o)
    0x08000170   0x08000170   0x00000000   Code   RO         3110    .ARM.Collect$$libshutdown$$0000000A  c_w.l(libshutdown2.o)
    0x08000170   0x08000170   0x00000000   Code   RO         3112    .ARM.Collect$$libshutdown$$0000000C  c_w.l(libshutdown2.o)
    0x08000170   0x08000170   0x00000000   Code   RO         3115    .ARM.Collect$$libshutdown$$0000000F  c_w.l(libshutdown2.o)
    0x08000170   0x08000170   0x00000002   Code   RO         3116    .ARM.Collect$$libshutdown$$00000010  c_w.l(libshutdown2.o)
    0x08000172   0x08000172   0x00000000   Code   RO         2983    .ARM.Collect$$rtentry$$00000000  c_w.l(__rtentry.o)
    0x08000172   0x08000172   0x00000000   Code   RO         2994    .ARM.Collect$$rtentry$$00000002  c_w.l(__rtentry2.o)
    0x08000172   0x08000172   0x00000006   Code   RO         3006    .ARM.Collect$$rtentry$$00000004  c_w.l(__rtentry4.o)
    0x08000178   0x08000178   0x00000000   Code   RO         2996    .ARM.Collect$$rtentry$$00000009  c_w.l(__rtentry2.o)
    0x08000178   0x08000178   0x00000004   Code   RO         2997    .ARM.Collect$$rtentry$$0000000A  c_w.l(__rtentry2.o)
    0x0800017c   0x0800017c   0x00000000   Code   RO         2999    .ARM.Collect$$rtentry$$0000000C  c_w.l(__rtentry2.o)
    0x0800017c   0x0800017c   0x00000008   Code   RO         3000    .ARM.Collect$$rtentry$$0000000D  c_w.l(__rtentry2.o)
    0x08000184   0x08000184   0x00000002   Code   RO         3023    .ARM.Collect$$rtexit$$00000000  c_w.l(rtexit.o)
    0x08000186   0x08000186   0x00000000   Code   RO         3071    .ARM.Collect$$rtexit$$00000002  c_w.l(rtexit2.o)
    0x08000186   0x08000186   0x00000004   Code   RO         3072    .ARM.Collect$$rtexit$$00000003  c_w.l(rtexit2.o)
    0x0800018a   0x0800018a   0x00000006   Code   RO         3073    .ARM.Collect$$rtexit$$00000004  c_w.l(rtexit2.o)
    0x08000190   0x08000190   0x00000040   Code   RO            4    .text               startup_stm32f103xb.o
    0x080001d0   0x080001d0   0x00000028   Code   RO         2947    .text               c_w.l(noretval__2sprintf.o)
    0x080001f8   0x080001f8   0x00000068   Code   RO         2949    .text               c_w.l(__printf.o)
    0x08000260   0x08000260   0x00000078   Code   RO         2951    .text               c_w.l(_printf_dec.o)
    0x080002d8   0x080002d8   0x00000010   Code   RO         2975    .text               c_w.l(aeabi_memset.o)
    0x080002e8   0x080002e8   0x0000004e   Code   RO         2977    .text               c_w.l(rt_memclr_w.o)
    0x08000336   0x08000336   0x00000006   Code   RO         2979    .text               c_w.l(heapauxi.o)
    0x0800033c   0x0800033c   0x000000b2   Code   RO         2984    .text               c_w.l(_printf_intcommon.o)
    0x080003ee   0x080003ee   0x00000002   PAD
    0x080003f0   0x080003f0   0x00000030   Code   RO         2986    .text               c_w.l(_printf_char_common.o)
    0x08000420   0x08000420   0x0000000a   Code   RO         2988    .text               c_w.l(_sputc.o)
    0x0800042a   0x0800042a   0x00000044   Code   RO         2991    .text               c_w.l(rt_memclr.o)
    0x0800046e   0x0800046e   0x0000004a   Code   RO         3010    .text               c_w.l(sys_stackheap_outer.o)
    0x080004b8   0x080004b8   0x00000012   Code   RO         3012    .text               c_w.l(exit.o)
    0x080004ca   0x080004ca   0x00000002   PAD
    0x080004cc   0x080004cc   0x00000008   Code   RO         3020    .text               c_w.l(libspace.o)
    0x080004d4   0x080004d4   0x0000000c   Code   RO         3081    .text               c_w.l(sys_exit.o)
    0x080004e0   0x080004e0   0x00000002   Code   RO         3092    .text               c_w.l(use_no_semi.o)
    0x080004e2   0x080004e2   0x00000000   Code   RO         3094    .text               c_w.l(indicate_semi.o)
    0x080004e2   0x080004e2   0x00000002   Code   RO          415    i.BusFault_Handler  stm32f1xx_it.o
    0x080004e4   0x080004e4   0x00000002   Code   RO          416    i.DebugMon_Handler  stm32f1xx_it.o
    0x080004e6   0x080004e6   0x00000002   PAD
    0x080004e8   0x080004e8   0x00000040   Code   RO          308    i.Flash_Led         main.o
    0x08000528   0x08000528   0x00000046   Code   RO         1947    i.HAL_DMA_Abort     stm32f1xx_hal_dma.o
    0x0800056e   0x0800056e   0x00000002   PAD
    0x08000570   0x08000570   0x00000098   Code   RO         1948    i.HAL_DMA_Abort_IT  stm32f1xx_hal_dma.o
    0x08000608   0x08000608   0x00000024   Code   RO         1573    i.HAL_Delay         stm32f1xx_hal.o
    0x0800062c   0x0800062c   0x000001e0   Code   RO         1883    i.HAL_GPIO_Init     stm32f1xx_hal_gpio.o
    0x0800080c   0x0800080c   0x0000000a   Code   RO         1885    i.HAL_GPIO_ReadPin  stm32f1xx_hal_gpio.o
    0x08000816   0x08000816   0x00000010   Code   RO         1886    i.HAL_GPIO_TogglePin  stm32f1xx_hal_gpio.o
    0x08000826   0x08000826   0x0000000a   Code   RO         1887    i.HAL_GPIO_WritePin  stm32f1xx_hal_gpio.o
    0x08000830   0x08000830   0x0000000c   Code   RO         1577    i.HAL_GetTick       stm32f1xx_hal.o
    0x0800083c   0x0800083c   0x00000010   Code   RO         1583    i.HAL_IncTick       stm32f1xx_hal.o
    0x0800084c   0x0800084c   0x00000024   Code   RO         1584    i.HAL_Init          stm32f1xx_hal.o
    0x08000870   0x08000870   0x00000040   Code   RO         1585    i.HAL_InitTick      stm32f1xx_hal.o
    0x080008b0   0x080008b0   0x0000003c   Code   RO          509    i.HAL_MspInit       stm32f1xx_hal_msp.o
    0x080008ec   0x080008ec   0x0000001a   Code   RO         2043    i.HAL_NVIC_EnableIRQ  stm32f1xx_hal_cortex.o
    0x08000906   0x08000906   0x00000002   PAD
    0x08000908   0x08000908   0x00000040   Code   RO         2049    i.HAL_NVIC_SetPriority  stm32f1xx_hal_cortex.o
    0x08000948   0x08000948   0x00000024   Code   RO         2050    i.HAL_NVIC_SetPriorityGrouping  stm32f1xx_hal_cortex.o
    0x0800096c   0x0800096c   0x0000012c   Code   RO         1741    i.HAL_RCC_ClockConfig  stm32f1xx_hal_rcc.o
    0x08000a98   0x08000a98   0x00000020   Code   RO         1748    i.HAL_RCC_GetPCLK1Freq  stm32f1xx_hal_rcc.o
    0x08000ab8   0x08000ab8   0x00000020   Code   RO         1749    i.HAL_RCC_GetPCLK2Freq  stm32f1xx_hal_rcc.o
    0x08000ad8   0x08000ad8   0x0000004c   Code   RO         1750    i.HAL_RCC_GetSysClockFreq  stm32f1xx_hal_rcc.o
    0x08000b24   0x08000b24   0x00000320   Code   RO         1753    i.HAL_RCC_OscConfig  stm32f1xx_hal_rcc.o
    0x08000e44   0x08000e44   0x00000028   Code   RO         2054    i.HAL_SYSTICK_Config  stm32f1xx_hal_cortex.o
    0x08000e6c   0x08000e6c   0x00000002   Code   RO         1299    i.HAL_TIMEx_BreakCallback  stm32f1xx_hal_tim_ex.o
    0x08000e6e   0x08000e6e   0x00000002   Code   RO         1300    i.HAL_TIMEx_CommutCallback  stm32f1xx_hal_tim_ex.o
    0x08000e70   0x08000e70   0x00000068   Code   RO         1318    i.HAL_TIMEx_MasterConfigSynchronization  stm32f1xx_hal_tim_ex.o
    0x08000ed8   0x08000ed8   0x0000005a   Code   RO          595    i.HAL_TIM_Base_Init  stm32f1xx_hal_tim.o
    0x08000f32   0x08000f32   0x00000002   PAD
    0x08000f34   0x08000f34   0x00000060   Code   RO          511    i.HAL_TIM_Base_MspInit  stm32f1xx_hal_msp.o
    0x08000f94   0x08000f94   0x00000058   Code   RO          600    i.HAL_TIM_Base_Start_IT  stm32f1xx_hal_tim.o
    0x08000fec   0x08000fec   0x000000dc   Code   RO          604    i.HAL_TIM_ConfigClockSource  stm32f1xx_hal_tim.o
    0x080010c8   0x080010c8   0x00000002   Code   RO          629    i.HAL_TIM_IC_CaptureCallback  stm32f1xx_hal_tim.o
    0x080010ca   0x080010ca   0x00000166   Code   RO          643    i.HAL_TIM_IRQHandler  stm32f1xx_hal_tim.o
    0x08001230   0x08001230   0x00000002   Code   RO          646    i.HAL_TIM_OC_DelayElapsedCallback  stm32f1xx_hal_tim.o
    0x08001232   0x08001232   0x00000002   Code   RO          673    i.HAL_TIM_PWM_PulseFinishedCallback  stm32f1xx_hal_tim.o
    0x08001234   0x08001234   0x00000034   Code   RO          309    i.HAL_TIM_PeriodElapsedCallback  main.o
    0x08001268   0x08001268   0x00000002   Code   RO          686    i.HAL_TIM_TriggerCallback  stm32f1xx_hal_tim.o
    0x0800126a   0x0800126a   0x00000002   Code   RO         2555    i.HAL_UARTEx_RxEventCallback  stm32f1xx_hal_uart.o
    0x0800126c   0x0800126c   0x00000002   Code   RO         2569    i.HAL_UART_ErrorCallback  stm32f1xx_hal_uart.o
    0x0800126e   0x0800126e   0x00000002   PAD
    0x08001270   0x08001270   0x0000026c   Code   RO         2572    i.HAL_UART_IRQHandler  stm32f1xx_hal_uart.o
    0x080014dc   0x080014dc   0x00000064   Code   RO         2573    i.HAL_UART_Init     stm32f1xx_hal_uart.o
    0x08001540   0x08001540   0x00000080   Code   RO          513    i.HAL_UART_MspInit  stm32f1xx_hal_msp.o
    0x080015c0   0x080015c0   0x0000001c   Code   RO         2578    i.HAL_UART_Receive_IT  stm32f1xx_hal_uart.o
    0x080015dc   0x080015dc   0x00000038   Code   RO          310    i.HAL_UART_RxCpltCallback  main.o
    0x08001614   0x08001614   0x00000002   Code   RO         2584    i.HAL_UART_TxCpltCallback  stm32f1xx_hal_uart.o
    0x08001616   0x08001616   0x00000002   Code   RO          417    i.HardFault_Handler  stm32f1xx_it.o
    0x08001618   0x08001618   0x00000118   Code   RO          311    i.MX_GPIO_Init      main.o
    0x08001730   0x08001730   0x00000068   Code   RO          312    i.MX_TIM1_Init      main.o
    0x08001798   0x08001798   0x00000064   Code   RO          313    i.MX_TIM2_Init      main.o
    0x080017fc   0x080017fc   0x00000002   Code   RO          418    i.MemManage_Handler  stm32f1xx_it.o
    0x080017fe   0x080017fe   0x00000002   Code   RO          419    i.NMI_Handler       stm32f1xx_it.o
    0x08001800   0x08001800   0x00000002   Code   RO          420    i.PendSV_Handler    stm32f1xx_it.o
    0x08001802   0x08001802   0x00000002   PAD
    0x08001804   0x08001804   0x0000019c   Code   RO          260    i.RS485_Init        rs485.o
    0x080019a0   0x080019a0   0x000000a0   Code   RO          261    i.RS485_Read        rs485.o
    0x08001a40   0x08001a40   0x00000084   Code   RO          262    i.RS485_SendData    rs485.o
    0x08001ac4   0x08001ac4   0x00000068   Code   RO           20    i.ST7920_Clear      st7920.o
    0x08001b2c   0x08001b2c   0x00000084   Code   RO           21    i.ST7920_DrawBitmap  st7920.o
    0x08001bb0   0x08001bb0   0x00000044   Code   RO           22    i.ST7920_GraphicMode  st7920.o
    0x08001bf4   0x08001bf4   0x00000084   Code   RO           23    i.ST7920_Init       st7920.o
    0x08001c78   0x08001c78   0x00000040   Code   RO           24    i.ST7920_SendCmd    st7920.o
    0x08001cb8   0x08001cb8   0x00000040   Code   RO           25    i.ST7920_SendData   st7920.o
    0x08001cf8   0x08001cf8   0x0000003e   Code   RO           26    i.ST7920_SendString  st7920.o
    0x08001d36   0x08001d36   0x00000002   Code   RO          421    i.SVC_Handler       stm32f1xx_it.o
    0x08001d38   0x08001d38   0x00000048   Code   RO           28    i.SendByteSPI       st7920.o
    0x08001d80   0x08001d80   0x00000004   Code   RO          422    i.SysTick_Handler   stm32f1xx_it.o
    0x08001d84   0x08001d84   0x0000005e   Code   RO          316    i.SystemClock_Config  main.o
    0x08001de2   0x08001de2   0x00000002   Code   RO         2907    i.SystemInit        system_stm32f1xx.o
    0x08001de4   0x08001de4   0x0000000c   Code   RO          423    i.TIM1_UP_IRQHandler  stm32f1xx_it.o
    0x08001df0   0x08001df0   0x0000000c   Code   RO          424    i.TIM2_IRQHandler   stm32f1xx_it.o
    0x08001dfc   0x08001dfc   0x0000006c   Code   RO          688    i.TIM_Base_SetConfig  stm32f1xx_hal_tim.o
    0x08001e68   0x08001e68   0x00000014   Code   RO          699    i.TIM_ETR_SetConfig  stm32f1xx_hal_tim.o
    0x08001e7c   0x08001e7c   0x00000010   Code   RO          700    i.TIM_ITRx_SetConfig  stm32f1xx_hal_tim.o
    0x08001e8c   0x08001e8c   0x00000022   Code   RO          706    i.TIM_TI1_ConfigInputStage  stm32f1xx_hal_tim.o
    0x08001eae   0x08001eae   0x00000024   Code   RO          708    i.TIM_TI2_ConfigInputStage  stm32f1xx_hal_tim.o
    0x08001ed2   0x08001ed2   0x00000010   Code   RO         2586    i.UART_DMAAbortOnError  stm32f1xx_hal_uart.o
    0x08001ee2   0x08001ee2   0x0000004e   Code   RO         2596    i.UART_EndRxTransfer  stm32f1xx_hal_uart.o
    0x08001f30   0x08001f30   0x000000c2   Code   RO         2598    i.UART_Receive_IT   stm32f1xx_hal_uart.o
    0x08001ff2   0x08001ff2   0x00000002   PAD
    0x08001ff4   0x08001ff4   0x000000b8   Code   RO         2599    i.UART_SetConfig    stm32f1xx_hal_uart.o
    0x080020ac   0x080020ac   0x00000036   Code   RO         2601    i.UART_Start_Receive_IT  stm32f1xx_hal_uart.o
    0x080020e2   0x080020e2   0x00000002   PAD
    0x080020e4   0x080020e4   0x0000000c   Code   RO          425    i.USART1_IRQHandler  stm32f1xx_it.o
    0x080020f0   0x080020f0   0x00000002   Code   RO          426    i.UsageFault_Handler  stm32f1xx_it.o
    0x080020f2   0x080020f2   0x00000020   Code   RO         2056    i.__NVIC_SetPriority  stm32f1xx_hal_cortex.o
    0x08002112   0x08002112   0x00000002   PAD
    0x08002114   0x08002114   0x00000018   Code   RO           30    i.delay_us          st7920.o
    0x0800212c   0x0800212c   0x000003b4   Code   RO          318    i.main              main.o
    0x080024e0   0x080024e0   0x00000400   Data   RO           32    .constdata          st7920.o
    0x080028e0   0x080028e0   0x00000012   Data   RO         1754    .constdata          stm32f1xx_hal_rcc.o
    0x080028f2   0x080028f2   0x00000010   Data   RO         2908    .constdata          system_stm32f1xx.o
    0x08002902   0x08002902   0x00000008   Data   RO         2909    .constdata          system_stm32f1xx.o
    0x0800290a   0x0800290a   0x00000002   PAD
    0x0800290c   0x0800290c   0x00000020   Data   RO         3147    Region$$Table       anon$$obj.o


    Execution Region RW_IRAM1 (Exec base: 0x20000000, Load base: 0x0800292c, Size: 0x000007f0, Max: 0x00005000, ABSOLUTE)

    Exec Addr    Load Addr    Size         Type   Attr      Idx    E Section Name        Object

    0x20000000   0x0800292c   0x00000007   Data   RW           33    .data               st7920.o
    0x20000007   0x08002933   0x00000002   Data   RW          264    .data               rs485.o
    0x20000009   0x08002935   0x00000003   PAD
    0x2000000c   0x08002938   0x00000020   Data   RW          321    .data               main.o
    0x2000002c   0x08002958   0x0000000c   Data   RW         1591    .data               stm32f1xx_hal.o
    0x20000038   0x08002964   0x00000004   Data   RW         2910    .data               system_stm32f1xx.o
    0x2000003c        -       0x00000038   Zero   RW          263    .bss                rs485.o
    0x20000074        -       0x00000118   Zero   RW          319    .bss                main.o
    0x2000018c        -       0x00000060   Zero   RW         3021    .bss                c_w.l(libspace.o)
    0x200001ec   0x08002968   0x00000004   PAD
    0x200001f0        -       0x00000200   Zero   RW            2    HEAP                startup_stm32f103xb.o
    0x200003f0        -       0x00000400   Zero   RW            1    STACK               startup_stm32f103xb.o


==============================================================================

Image component sizes


      Code (inc. data)   RO Data    RW Data    ZI Data      Debug   Object Name

      1698        230          0         32        280       7311   main.o
       704         14          0          2         56       3788   rs485.o
       722         32       1024          7          0     431971   st7920.o
        64         26        236          0       1536        824   startup_stm32f103xb.o
       164         28          0         12          0       6017   stm32f1xx_hal.o
       198         14          0          0          0      29019   stm32f1xx_hal_cortex.o
       222          4          0          0          0       1811   stm32f1xx_hal_dma.o
       516         34          0          0          0       4192   stm32f1xx_hal_gpio.o
       284         30          0          0          0       2296   stm32f1xx_hal_msp.o
      1240         84         18          0          0       5196   stm32f1xx_hal_rcc.o
       978         26          0          0          0       9941   stm32f1xx_hal_tim.o
       108         12          0          0          0       2457   stm32f1xx_hal_tim_ex.o
      1280         10          0          0          0       9004   stm32f1xx_hal_uart.o
        56         18          0          0          0       5341   stm32f1xx_it.o
         2          0         24          4          0       1155   system_stm32f1xx.o

    ----------------------------------------------------------------------
      8254        562       1336         60       1872     520323   Object Totals
         0          0         32          0          0          0   (incl. Generated)
        18          0          2          3          0          0   (incl. Padding)

    ----------------------------------------------------------------------

      Code (inc. data)   RO Data    RW Data    ZI Data      Debug   Library Member Name

         8          0          0          0          0         68   __main.o
       104          0          0          0          0         84   __printf.o
         0          0          0          0          0          0   __rtentry.o
        12          0          0          0          0          0   __rtentry2.o
         6          0          0          0          0          0   __rtentry4.o
        52          8          0          0          0          0   __scatter.o
        26          0          0          0          0          0   __scatter_copy.o
        28          0          0          0          0          0   __scatter_zi.o
        48          6          0          0          0         96   _printf_char_common.o
         6          0          0          0          0          0   _printf_d.o
       120         16          0          0          0         92   _printf_dec.o
       178          0          0          0          0         88   _printf_intcommon.o
         0          0          0          0          0          0   _printf_percent.o
         4          0          0          0          0          0   _printf_percent_end.o
        10          0          0          0          0         68   _sputc.o
        16          0          0          0          0         68   aeabi_memset.o
        18          0          0          0          0         80   exit.o
         6          0          0          0          0        152   heapauxi.o
         0          0          0          0          0          0   indicate_semi.o
         2          0          0          0          0          0   libinit.o
         2          0          0          0          0          0   libinit2.o
         2          0          0          0          0          0   libshutdown.o
         2          0          0          0          0          0   libshutdown2.o
         8          4          0          0         96         68   libspace.o
        40          6          0          0          0         84   noretval__2sprintf.o
        68          0          0          0          0         68   rt_memclr.o
        78          0          0          0          0         80   rt_memclr_w.o
         2          0          0          0          0          0   rtexit.o
        10          0          0          0          0          0   rtexit2.o
        12          4          0          0          0         68   sys_exit.o
        74          0          0          0          0         80   sys_stackheap_outer.o
         2          0          0          0          0         68   use_no_semi.o

    ----------------------------------------------------------------------
       950         44          0          0        100       1312   Library Totals
         6          0          0          0          4          0   (incl. Padding)

    ----------------------------------------------------------------------

      Code (inc. data)   RO Data    RW Data    ZI Data      Debug   Library Name

       944         44          0          0         96       1312   c_w.l

    ----------------------------------------------------------------------
       950         44          0          0        100       1312   Library Totals

    ----------------------------------------------------------------------

==============================================================================


      Code (inc. data)   RO Data    RW Data    ZI Data      Debug   

      9204        606       1336         60       1972     516899   Grand Totals
      9204        606       1336         60       1972     516899   ELF Image Totals
      9204        606       1336         60          0          0   ROM Totals

==============================================================================

    Total RO  Size (Code + RO Data)                10540 (  10.29kB)
    Total RW  Size (RW Data + ZI Data)              2032 (   1.98kB)
    Total ROM Size (Code + RO Data + RW Data)      10600 (  10.35kB)

==============================================================================

